[2025-05-02T02:39:30.993+0000] {local_task_job_runner.py:123} INFO - ::group::Pre task execution logs
[2025-05-02T02:39:31.000+0000] {taskinstance.py:2614} INFO - Dependencies all met for dep_context=non-requeueable deps ti=<TaskInstance: fix_permissions_dag.fix_permissions manual__2025-05-02T02:39:30.680755+00:00 [queued]>
[2025-05-02T02:39:31.003+0000] {taskinstance.py:2614} INFO - Dependencies all met for dep_context=requeueable deps ti=<TaskInstance: fix_permissions_dag.fix_permissions manual__2025-05-02T02:39:30.680755+00:00 [queued]>
[2025-05-02T02:39:31.003+0000] {taskinstance.py:2867} INFO - Starting attempt 1 of 1
[2025-05-02T02:39:31.008+0000] {taskinstance.py:2890} INFO - Executing <Task(BashOperator): fix_permissions> on 2025-05-02 02:39:30.680755+00:00
[2025-05-02T02:39:31.011+0000] {warnings.py:112} WARNING - /home/airflow/.local/lib/python3.12/site-packages/airflow/task/task_runner/standard_task_runner.py:70: DeprecationWarning: This process (pid=1143) is multi-threaded, use of fork() may lead to deadlocks in the child.
  pid = os.fork()

[2025-05-02T02:39:31.011+0000] {standard_task_runner.py:72} INFO - Started process 1145 to run task
[2025-05-02T02:39:31.012+0000] {standard_task_runner.py:104} INFO - Running: ['airflow', 'tasks', 'run', 'fix_permissions_dag', 'fix_permissions', 'manual__2025-05-02T02:39:30.680755+00:00', '--job-id', '140', '--raw', '--subdir', 'DAGS_FOLDER/permission_fixer_dag.py', '--cfg-path', '/tmp/tmp69ag3xf5']
[2025-05-02T02:39:31.012+0000] {standard_task_runner.py:105} INFO - Job 140: Subtask fix_permissions
[2025-05-02T02:39:31.033+0000] {task_command.py:467} INFO - Running <TaskInstance: fix_permissions_dag.fix_permissions manual__2025-05-02T02:39:30.680755+00:00 [running]> on host be0f4b68f6b8
[2025-05-02T02:39:31.068+0000] {taskinstance.py:3134} INFO - Exporting env vars: AIRFLOW_CTX_DAG_OWNER='ian' AIRFLOW_CTX_DAG_ID='fix_permissions_dag' AIRFLOW_CTX_TASK_ID='fix_permissions' AIRFLOW_CTX_EXECUTION_DATE='2025-05-02T02:39:30.680755+00:00' AIRFLOW_CTX_TRY_NUMBER='1' AIRFLOW_CTX_DAG_RUN_ID='manual__2025-05-02T02:39:30.680755+00:00'
[2025-05-02T02:39:31.068+0000] {taskinstance.py:732} INFO - ::endgroup::
[2025-05-02T02:39:31.074+0000] {subprocess.py:78} INFO - Tmp dir root location: /tmp
[2025-05-02T02:39:31.074+0000] {subprocess.py:88} INFO - Running command: ['/usr/bin/bash', '-c', 'bash /opt/airflow/scripts/bash/permissions.sh ']
[2025-05-02T02:39:31.080+0000] {subprocess.py:99} INFO - Output:
[2025-05-02T02:39:31.084+0000] {subprocess.py:106} INFO - chmod: changing permissions of '/opt/airflow/nba_data/gamelogs/2013-14_Season.csv': Operation not permitted
[2025-05-02T02:39:31.085+0000] {subprocess.py:106} INFO - chmod: changing permissions of '/opt/airflow/nba_data/gamelogs/2015-16_Season.csv': Operation not permitted
[2025-05-02T02:39:31.086+0000] {subprocess.py:106} INFO - chmod: changing permissions of '/opt/airflow/nba_data/gamelogs/2007-08_Season.csv': Operation not permitted
[2025-05-02T02:39:31.088+0000] {subprocess.py:106} INFO - chmod: changing permissions of '/opt/airflow/nba_data/gamelogs/2023-24_Season.csv': Operation not permitted
[2025-05-02T02:39:31.089+0000] {subprocess.py:106} INFO - chmod: changing permissions of '/opt/airflow/nba_data/gamelogs/2003-04_Season.csv': Operation not permitted
[2025-05-02T02:39:31.089+0000] {subprocess.py:106} INFO - chmod: changing permissions of '/opt/airflow/nba_data/gamelogs/2017-18_Season.csv': Operation not permitted
[2025-05-02T02:39:31.090+0000] {subprocess.py:106} INFO - chmod: changing permissions of '/opt/airflow/nba_data/gamelogs/2011-12_Season.csv': Operation not permitted
[2025-05-02T02:39:31.091+0000] {subprocess.py:106} INFO - chmod: changing permissions of '/opt/airflow/nba_data/gamelogs/2024-25_Season.csv': Operation not permitted
[2025-05-02T02:39:31.092+0000] {subprocess.py:106} INFO - chmod: changing permissions of '/opt/airflow/nba_data/gamelogs/2008-09_Season.csv': Operation not permitted
[2025-05-02T02:39:31.093+0000] {subprocess.py:106} INFO - chmod: changing permissions of '/opt/airflow/nba_data/gamelogs/2009-10_Season.csv': Operation not permitted
[2025-05-02T02:39:31.093+0000] {subprocess.py:106} INFO - chmod: changing permissions of '/opt/airflow/nba_data/gamelogs/2014-15_Season.csv': Operation not permitted
[2025-05-02T02:39:31.094+0000] {subprocess.py:106} INFO - chmod: changing permissions of '/opt/airflow/nba_data/gamelogs/2016-17_Season.csv': Operation not permitted
[2025-05-02T02:39:31.095+0000] {subprocess.py:106} INFO - chmod: changing permissions of '/opt/airflow/nba_data/gamelogs/2021-22_Season.csv': Operation not permitted
[2025-05-02T02:39:31.096+0000] {subprocess.py:106} INFO - chmod: changing permissions of '/opt/airflow/nba_data/gamelogs/2004-05_Season.csv': Operation not permitted
[2025-05-02T02:39:31.097+0000] {subprocess.py:106} INFO - chmod: changing permissions of '/opt/airflow/nba_data/gamelogs/2006-07_Season.csv': Operation not permitted
[2025-05-02T02:39:31.097+0000] {subprocess.py:106} INFO - chmod: changing permissions of '/opt/airflow/nba_data/gamelogs/2022-23_Season.csv': Operation not permitted
[2025-05-02T02:39:31.098+0000] {subprocess.py:106} INFO - chmod: changing permissions of '/opt/airflow/nba_data/gamelogs/2020-21_Season.csv': Operation not permitted
[2025-05-02T02:39:31.099+0000] {subprocess.py:106} INFO - chmod: changing permissions of '/opt/airflow/nba_data/gamelogs/2018-19_Season.csv': Operation not permitted
[2025-05-02T02:39:31.100+0000] {subprocess.py:106} INFO - chmod: changing permissions of '/opt/airflow/nba_data/gamelogs/2019-20_Season.csv': Operation not permitted
[2025-05-02T02:39:31.101+0000] {subprocess.py:106} INFO - chmod: changing permissions of '/opt/airflow/nba_data/gamelogs/2012-13_Season.csv': Operation not permitted
[2025-05-02T02:39:31.102+0000] {subprocess.py:106} INFO - chmod: changing permissions of '/opt/airflow/nba_data/gamelogs/2010-11_Season.csv': Operation not permitted
[2025-05-02T02:39:31.103+0000] {subprocess.py:106} INFO - chmod: changing permissions of '/opt/airflow/nba_data/gamelogs/2005-06_Season.csv': Operation not permitted
[2025-05-02T02:39:31.104+0000] {subprocess.py:106} INFO - chmod: changing permissions of '/opt/airflow/nba_data': Operation not permitted
[2025-05-02T02:39:31.105+0000] {subprocess.py:106} INFO - chmod: changing permissions of '/opt/airflow/nba_data/season-logs': Operation not permitted
[2025-05-02T02:39:31.106+0000] {subprocess.py:106} INFO - chmod: changing permissions of '/opt/airflow/nba_data/season-logs/2023-24_Season': Operation not permitted
[2025-05-02T02:39:31.108+0000] {subprocess.py:106} INFO - chmod: changing permissions of '/opt/airflow/nba_data/gamelogs': Operation not permitted
[2025-05-02T02:39:31.108+0000] {subprocess.py:110} INFO - Command exited with return code 0
[2025-05-02T02:39:31.121+0000] {taskinstance.py:341} INFO - ::group::Post task execution logs
[2025-05-02T02:39:31.121+0000] {taskinstance.py:353} INFO - Marking task as SUCCESS. dag_id=fix_permissions_dag, task_id=fix_permissions, run_id=manual__2025-05-02T02:39:30.680755+00:00, execution_date=20250502T023930, start_date=20250502T023931, end_date=20250502T023931
[2025-05-02T02:39:31.145+0000] {local_task_job_runner.py:266} INFO - Task exited with return code 0
[2025-05-02T02:39:31.153+0000] {taskinstance.py:3901} INFO - 0 downstream tasks scheduled from follow-on schedule check
[2025-05-02T02:39:31.153+0000] {local_task_job_runner.py:245} INFO - ::endgroup::
