[2025-05-02T07:38:26.305+0000] {local_task_job_runner.py:123} INFO - ::group::Pre task execution logs
[2025-05-02T07:38:26.317+0000] {taskinstance.py:2614} INFO - Dependencies all met for dep_context=non-requeueable deps ti=<TaskInstance: team_seasonlog_dag.data_completer manual__2025-05-02T07:38:19.517121+00:00 [queued]>
[2025-05-02T07:38:26.321+0000] {taskinstance.py:2614} INFO - Dependencies all met for dep_context=requeueable deps ti=<TaskInstance: team_seasonlog_dag.data_completer manual__2025-05-02T07:38:19.517121+00:00 [queued]>
[2025-05-02T07:38:26.321+0000] {taskinstance.py:2867} INFO - Starting attempt 1 of 2
[2025-05-02T07:38:26.327+0000] {taskinstance.py:2890} INFO - Executing <Task(PythonOperator): data_completer> on 2025-05-02 07:38:19.517121+00:00
[2025-05-02T07:38:26.331+0000] {warnings.py:112} WARNING - /home/airflow/.local/lib/python3.12/site-packages/airflow/task/task_runner/standard_task_runner.py:70: DeprecationWarning: This process (pid=668) is multi-threaded, use of fork() may lead to deadlocks in the child.
  pid = os.fork()

[2025-05-02T07:38:26.332+0000] {standard_task_runner.py:72} INFO - Started process 705 to run task
[2025-05-02T07:38:26.333+0000] {standard_task_runner.py:104} INFO - Running: ['airflow', 'tasks', 'run', 'team_seasonlog_dag', 'data_completer', 'manual__2025-05-02T07:38:19.517121+00:00', '--job-id', '182', '--raw', '--subdir', 'DAGS_FOLDER/team_log_dag.py', '--cfg-path', '/tmp/tmpkt9lfzrk']
[2025-05-02T07:38:26.334+0000] {standard_task_runner.py:105} INFO - Job 182: Subtask data_completer
[2025-05-02T07:38:26.361+0000] {task_command.py:467} INFO - Running <TaskInstance: team_seasonlog_dag.data_completer manual__2025-05-02T07:38:19.517121+00:00 [running]> on host c1ec3e63ea09
[2025-05-02T07:38:26.405+0000] {taskinstance.py:3134} INFO - Exporting env vars: AIRFLOW_CTX_DAG_OWNER='ian' AIRFLOW_CTX_DAG_ID='team_seasonlog_dag' AIRFLOW_CTX_TASK_ID='data_completer' AIRFLOW_CTX_EXECUTION_DATE='2025-05-02T07:38:19.517121+00:00' AIRFLOW_CTX_TRY_NUMBER='1' AIRFLOW_CTX_DAG_RUN_ID='manual__2025-05-02T07:38:19.517121+00:00'
[2025-05-02T07:38:26.405+0000] {taskinstance.py:732} INFO - ::endgroup::
[2025-05-02T07:38:26.411+0000] {add_opponents_score.py:62} INFO - Starting to process Boston Celtics 2023-24 season log...
[2025-05-02T07:38:26.416+0000] {add_opponents_score.py:33} ERROR - The input CSV does not have the necessary 'GAME_ID' or 'TEAM_ID' columns.
[2025-05-02T07:38:27.917+0000] {add_opponents_score.py:62} INFO - Starting to process Oklahoma City Thunder 2023-24 season log...
[2025-05-02T07:38:27.920+0000] {add_opponents_score.py:33} ERROR - The input CSV does not have the necessary 'GAME_ID' or 'TEAM_ID' columns.
[2025-05-02T07:38:29.424+0000] {python.py:240} INFO - Done. Returned value was: None
[2025-05-02T07:38:29.438+0000] {taskinstance.py:341} INFO - ::group::Post task execution logs
[2025-05-02T07:38:29.438+0000] {taskinstance.py:353} INFO - Marking task as SUCCESS. dag_id=team_seasonlog_dag, task_id=data_completer, run_id=manual__2025-05-02T07:38:19.517121+00:00, execution_date=20250502T073819, start_date=20250502T073826, end_date=20250502T073829
[2025-05-02T07:38:29.494+0000] {local_task_job_runner.py:266} INFO - Task exited with return code 0
[2025-05-02T07:38:29.503+0000] {taskinstance.py:3901} INFO - 1 downstream tasks scheduled from follow-on schedule check
[2025-05-02T07:38:29.504+0000] {local_task_job_runner.py:245} INFO - ::endgroup::
