[2025-05-02T06:48:48.666+0000] {local_task_job_runner.py:123} INFO - ::group::Pre task execution logs
[2025-05-02T06:48:48.675+0000] {taskinstance.py:2614} INFO - Dependencies all met for dep_context=non-requeueable deps ti=<TaskInstance: team_seasonlog_dag.run_data_fetcher manual__2025-05-02T06:48:47.691102+00:00 [queued]>
[2025-05-02T06:48:48.680+0000] {taskinstance.py:2614} INFO - Dependencies all met for dep_context=requeueable deps ti=<TaskInstance: team_seasonlog_dag.run_data_fetcher manual__2025-05-02T06:48:47.691102+00:00 [queued]>
[2025-05-02T06:48:48.680+0000] {taskinstance.py:2867} INFO - Starting attempt 1 of 2
[2025-05-02T06:48:48.686+0000] {taskinstance.py:2890} INFO - Executing <Task(PythonOperator): run_data_fetcher> on 2025-05-02 06:48:47.691102+00:00
[2025-05-02T06:48:48.690+0000] {warnings.py:112} WARNING - /home/airflow/.local/lib/python3.12/site-packages/airflow/task/task_runner/standard_task_runner.py:70: DeprecationWarning: This process (pid=443) is multi-threaded, use of fork() may lead to deadlocks in the child.
  pid = os.fork()

[2025-05-02T06:48:48.691+0000] {standard_task_runner.py:72} INFO - Started process 444 to run task
[2025-05-02T06:48:48.691+0000] {standard_task_runner.py:104} INFO - Running: ['airflow', 'tasks', 'run', 'team_seasonlog_dag', 'run_data_fetcher', 'manual__2025-05-02T06:48:47.691102+00:00', '--job-id', '161', '--raw', '--subdir', 'DAGS_FOLDER/team_log_dag.py', '--cfg-path', '/tmp/tmpbirbhtwz']
[2025-05-02T06:48:48.693+0000] {standard_task_runner.py:105} INFO - Job 161: Subtask run_data_fetcher
[2025-05-02T06:48:48.719+0000] {task_command.py:467} INFO - Running <TaskInstance: team_seasonlog_dag.run_data_fetcher manual__2025-05-02T06:48:47.691102+00:00 [running]> on host c1ec3e63ea09
[2025-05-02T06:48:48.757+0000] {taskinstance.py:3134} INFO - Exporting env vars: AIRFLOW_CTX_DAG_OWNER='ian' AIRFLOW_CTX_DAG_ID='team_seasonlog_dag' AIRFLOW_CTX_TASK_ID='run_data_fetcher' AIRFLOW_CTX_EXECUTION_DATE='2025-05-02T06:48:47.691102+00:00' AIRFLOW_CTX_TRY_NUMBER='1' AIRFLOW_CTX_DAG_RUN_ID='manual__2025-05-02T06:48:47.691102+00:00'
[2025-05-02T06:48:48.758+0000] {taskinstance.py:732} INFO - ::endgroup::
[2025-05-02T06:48:48.766+0000] {fetch_season_stats.py:38} INFO - Starting to fetch Boston Celtics 2023-24 season log...
[2025-05-02T06:48:48.766+0000] {fetch_season_stats.py:17} INFO - Fetching season 2023-24 for team ID 1610612738, attempt 1
[2025-05-02T06:48:48.766+0000] {fetch_season_stats.py:27} ERROR - Unexpected error for season 2023-24 for team ID 1610612738: LeagueGameFinder.__init__() got an unexpected keyword argument 'team_id'
[2025-05-02T06:48:50.268+0000] {fetch_season_stats.py:38} INFO - Starting to fetch Oklahoma City Thunder 2023-24 season log...
[2025-05-02T06:48:50.269+0000] {fetch_season_stats.py:17} INFO - Fetching season 2023-24 for team ID 1610612760, attempt 1
[2025-05-02T06:48:50.269+0000] {fetch_season_stats.py:27} ERROR - Unexpected error for season 2023-24 for team ID 1610612760: LeagueGameFinder.__init__() got an unexpected keyword argument 'team_id'
[2025-05-02T06:48:51.771+0000] {taskinstance.py:3313} ERROR - Task failed with exception
Traceback (most recent call last):
  File "/home/airflow/.local/lib/python3.12/site-packages/airflow/models/taskinstance.py", line 768, in _execute_task
    result = _execute_callable(context=context, **execute_callable_kwargs)
             ^^^^^^^^^^^^^^^^^^^^^^^^^^^^^^^^^^^^^^^^^^^^^^^^^^^^^^^^^^^^^
  File "/home/airflow/.local/lib/python3.12/site-packages/airflow/models/taskinstance.py", line 734, in _execute_callable
    return ExecutionCallableRunner(
           ^^^^^^^^^^^^^^^^^^^^^^^^
  File "/home/airflow/.local/lib/python3.12/site-packages/airflow/utils/operator_helpers.py", line 252, in run
    return self.func(*args, **kwargs)
           ^^^^^^^^^^^^^^^^^^^^^^^^^^
  File "/home/airflow/.local/lib/python3.12/site-packages/airflow/models/baseoperator.py", line 424, in wrapper
    return func(self, *args, **kwargs)
           ^^^^^^^^^^^^^^^^^^^^^^^^^^^
  File "/home/airflow/.local/lib/python3.12/site-packages/airflow/operators/python.py", line 238, in execute
    return_value = self.execute_callable()
                   ^^^^^^^^^^^^^^^^^^^^^^^
  File "/home/airflow/.local/lib/python3.12/site-packages/airflow/operators/python.py", line 256, in execute_callable
    return runner.run(*self.op_args, **self.op_kwargs)
           ^^^^^^^^^^^^^^^^^^^^^^^^^^^^^^^^^^^^^^^^^^^
  File "/home/airflow/.local/lib/python3.12/site-packages/airflow/utils/operator_helpers.py", line 252, in run
    return self.func(*args, **kwargs)
           ^^^^^^^^^^^^^^^^^^^^^^^^^^
  File "/opt/airflow/scripts/python/fetch_season_stats.py", line 51, in save_team_season_log
    raise Exception(f"Failed to fetch data for teams: {failed_teams}")
Exception: Failed to fetch data for teams: ['Boston Celtics', 'Oklahoma City Thunder']
[2025-05-02T06:48:51.787+0000] {taskinstance.py:1226} INFO - Marking task as UP_FOR_RETRY. dag_id=team_seasonlog_dag, task_id=run_data_fetcher, run_id=manual__2025-05-02T06:48:47.691102+00:00, execution_date=20250502T064847, start_date=20250502T064848, end_date=20250502T064851
[2025-05-02T06:48:51.805+0000] {taskinstance.py:341} INFO - ::group::Post task execution logs
[2025-05-02T06:48:51.805+0000] {standard_task_runner.py:124} ERROR - Failed to execute job 161 for task run_data_fetcher (Failed to fetch data for teams: ['Boston Celtics', 'Oklahoma City Thunder']; 444)
Traceback (most recent call last):
  File "/home/airflow/.local/lib/python3.12/site-packages/airflow/task/task_runner/standard_task_runner.py", line 117, in _start_by_fork
    ret = args.func(args, dag=self.dag)
          ^^^^^^^^^^^^^^^^^^^^^^^^^^^^^
  File "/home/airflow/.local/lib/python3.12/site-packages/airflow/cli/cli_config.py", line 49, in command
    return func(*args, **kwargs)
           ^^^^^^^^^^^^^^^^^^^^^
  File "/home/airflow/.local/lib/python3.12/site-packages/airflow/utils/cli.py", line 116, in wrapper
    return f(*args, **kwargs)
           ^^^^^^^^^^^^^^^^^^
  File "/home/airflow/.local/lib/python3.12/site-packages/airflow/cli/commands/task_command.py", line 483, in task_run
    task_return_code = _run_task_by_selected_method(args, _dag, ti)
                       ^^^^^^^^^^^^^^^^^^^^^^^^^^^^^^^^^^^^^^^^^^^^
  File "/home/airflow/.local/lib/python3.12/site-packages/airflow/cli/commands/task_command.py", line 256, in _run_task_by_selected_method
    return _run_raw_task(args, ti)
           ^^^^^^^^^^^^^^^^^^^^^^^
  File "/home/airflow/.local/lib/python3.12/site-packages/airflow/cli/commands/task_command.py", line 341, in _run_raw_task
    return ti._run_raw_task(
           ^^^^^^^^^^^^^^^^^
  File "/home/airflow/.local/lib/python3.12/site-packages/airflow/utils/session.py", line 97, in wrapper
    return func(*args, session=session, **kwargs)
           ^^^^^^^^^^^^^^^^^^^^^^^^^^^^^^^^^^^^^^
  File "/home/airflow/.local/lib/python3.12/site-packages/airflow/models/taskinstance.py", line 3006, in _run_raw_task
    return _run_raw_task(
           ^^^^^^^^^^^^^^
  File "/home/airflow/.local/lib/python3.12/site-packages/airflow/models/taskinstance.py", line 274, in _run_raw_task
    TaskInstance._execute_task_with_callbacks(
  File "/home/airflow/.local/lib/python3.12/site-packages/airflow/models/taskinstance.py", line 3161, in _execute_task_with_callbacks
    result = self._execute_task(context, task_orig)
             ^^^^^^^^^^^^^^^^^^^^^^^^^^^^^^^^^^^^^^
  File "/home/airflow/.local/lib/python3.12/site-packages/airflow/models/taskinstance.py", line 3185, in _execute_task
    return _execute_task(self, context, task_orig)
           ^^^^^^^^^^^^^^^^^^^^^^^^^^^^^^^^^^^^^^^
  File "/home/airflow/.local/lib/python3.12/site-packages/airflow/models/taskinstance.py", line 768, in _execute_task
    result = _execute_callable(context=context, **execute_callable_kwargs)
             ^^^^^^^^^^^^^^^^^^^^^^^^^^^^^^^^^^^^^^^^^^^^^^^^^^^^^^^^^^^^^
  File "/home/airflow/.local/lib/python3.12/site-packages/airflow/models/taskinstance.py", line 734, in _execute_callable
    return ExecutionCallableRunner(
           ^^^^^^^^^^^^^^^^^^^^^^^^
  File "/home/airflow/.local/lib/python3.12/site-packages/airflow/utils/operator_helpers.py", line 252, in run
    return self.func(*args, **kwargs)
           ^^^^^^^^^^^^^^^^^^^^^^^^^^
  File "/home/airflow/.local/lib/python3.12/site-packages/airflow/models/baseoperator.py", line 424, in wrapper
    return func(self, *args, **kwargs)
           ^^^^^^^^^^^^^^^^^^^^^^^^^^^
  File "/home/airflow/.local/lib/python3.12/site-packages/airflow/operators/python.py", line 238, in execute
    return_value = self.execute_callable()
                   ^^^^^^^^^^^^^^^^^^^^^^^
  File "/home/airflow/.local/lib/python3.12/site-packages/airflow/operators/python.py", line 256, in execute_callable
    return runner.run(*self.op_args, **self.op_kwargs)
           ^^^^^^^^^^^^^^^^^^^^^^^^^^^^^^^^^^^^^^^^^^^
  File "/home/airflow/.local/lib/python3.12/site-packages/airflow/utils/operator_helpers.py", line 252, in run
    return self.func(*args, **kwargs)
           ^^^^^^^^^^^^^^^^^^^^^^^^^^
  File "/opt/airflow/scripts/python/fetch_season_stats.py", line 51, in save_team_season_log
    raise Exception(f"Failed to fetch data for teams: {failed_teams}")
Exception: Failed to fetch data for teams: ['Boston Celtics', 'Oklahoma City Thunder']
[2025-05-02T06:48:51.839+0000] {local_task_job_runner.py:266} INFO - Task exited with return code 1
[2025-05-02T06:48:51.848+0000] {taskinstance.py:3901} INFO - 0 downstream tasks scheduled from follow-on schedule check
[2025-05-02T06:48:51.849+0000] {local_task_job_runner.py:245} INFO - ::endgroup::
