[2025-05-02T07:28:46.105+0000] {local_task_job_runner.py:123} INFO - ::group::Pre task execution logs
[2025-05-02T07:28:46.112+0000] {taskinstance.py:2614} INFO - Dependencies all met for dep_context=non-requeueable deps ti=<TaskInstance: team_seasonlog_dag.run_data_fetcher manual__2025-05-02T07:28:44.911191+00:00 [queued]>
[2025-05-02T07:28:46.114+0000] {taskinstance.py:2614} INFO - Dependencies all met for dep_context=requeueable deps ti=<TaskInstance: team_seasonlog_dag.run_data_fetcher manual__2025-05-02T07:28:44.911191+00:00 [queued]>
[2025-05-02T07:28:46.115+0000] {taskinstance.py:2867} INFO - Starting attempt 1 of 2
[2025-05-02T07:28:46.119+0000] {taskinstance.py:2890} INFO - Executing <Task(PythonOperator): run_data_fetcher> on 2025-05-02 07:28:44.911191+00:00
[2025-05-02T07:28:46.122+0000] {warnings.py:112} WARNING - /home/airflow/.local/lib/python3.12/site-packages/airflow/task/task_runner/standard_task_runner.py:70: DeprecationWarning: This process (pid=533) is multi-threaded, use of fork() may lead to deadlocks in the child.
  pid = os.fork()

[2025-05-02T07:28:46.123+0000] {standard_task_runner.py:72} INFO - Started process 534 to run task
[2025-05-02T07:28:46.124+0000] {standard_task_runner.py:104} INFO - Running: ['airflow', 'tasks', 'run', 'team_seasonlog_dag', 'run_data_fetcher', 'manual__2025-05-02T07:28:44.911191+00:00', '--job-id', '169', '--raw', '--subdir', 'DAGS_FOLDER/team_log_dag.py', '--cfg-path', '/tmp/tmpgroxttrx']
[2025-05-02T07:28:46.124+0000] {standard_task_runner.py:105} INFO - Job 169: Subtask run_data_fetcher
[2025-05-02T07:28:46.143+0000] {task_command.py:467} INFO - Running <TaskInstance: team_seasonlog_dag.run_data_fetcher manual__2025-05-02T07:28:44.911191+00:00 [running]> on host c1ec3e63ea09
[2025-05-02T07:28:46.174+0000] {taskinstance.py:3134} INFO - Exporting env vars: AIRFLOW_CTX_DAG_OWNER='ian' AIRFLOW_CTX_DAG_ID='team_seasonlog_dag' AIRFLOW_CTX_TASK_ID='run_data_fetcher' AIRFLOW_CTX_EXECUTION_DATE='2025-05-02T07:28:44.911191+00:00' AIRFLOW_CTX_TRY_NUMBER='1' AIRFLOW_CTX_DAG_RUN_ID='manual__2025-05-02T07:28:44.911191+00:00'
[2025-05-02T07:28:46.174+0000] {taskinstance.py:732} INFO - ::endgroup::
[2025-05-02T07:28:46.180+0000] {fetch_season_stats.py:38} INFO - Starting to fetch Boston Celtics 2023-24 season log...
[2025-05-02T07:28:46.181+0000] {fetch_season_stats.py:17} INFO - Fetching season 2023-24 for team ID 1610612738, attempt 1
[2025-05-02T07:28:46.532+0000] {fetch_season_stats.py:44} INFO - Saved: /opt/airflow/nba_data/season-logs/2023-24_Season/Boston_Celtics_2023-24_Season.csv
[2025-05-02T07:28:48.036+0000] {fetch_season_stats.py:38} INFO - Starting to fetch Oklahoma City Thunder 2023-24 season log...
[2025-05-02T07:28:48.037+0000] {fetch_season_stats.py:17} INFO - Fetching season 2023-24 for team ID 1610612760, attempt 1
[2025-05-02T07:28:48.141+0000] {fetch_season_stats.py:44} INFO - Saved: /opt/airflow/nba_data/season-logs/2023-24_Season/Oklahoma_City_Thunder_2023-24_Season.csv
[2025-05-02T07:28:49.644+0000] {python.py:240} INFO - Done. Returned value was: None
[2025-05-02T07:28:49.658+0000] {taskinstance.py:341} INFO - ::group::Post task execution logs
[2025-05-02T07:28:49.658+0000] {taskinstance.py:353} INFO - Marking task as SUCCESS. dag_id=team_seasonlog_dag, task_id=run_data_fetcher, run_id=manual__2025-05-02T07:28:44.911191+00:00, execution_date=20250502T072844, start_date=20250502T072846, end_date=20250502T072849
[2025-05-02T07:28:49.687+0000] {local_task_job_runner.py:266} INFO - Task exited with return code 0
[2025-05-02T07:28:49.701+0000] {taskinstance.py:3901} INFO - 1 downstream tasks scheduled from follow-on schedule check
[2025-05-02T07:28:49.701+0000] {local_task_job_runner.py:245} INFO - ::endgroup::
