[2025-05-01T22:32:02.374+0000] {local_task_job_runner.py:123} INFO - ::group::Pre task execution logs
[2025-05-01T22:32:02.383+0000] {taskinstance.py:2614} INFO - Dependencies all met for dep_context=non-requeueable deps ti=<TaskInstance: gamelog_dag.run_data_fetcher manual__2025-05-01T22:32:01.647850+00:00 [queued]>
[2025-05-01T22:32:02.386+0000] {taskinstance.py:2614} INFO - Dependencies all met for dep_context=requeueable deps ti=<TaskInstance: gamelog_dag.run_data_fetcher manual__2025-05-01T22:32:01.647850+00:00 [queued]>
[2025-05-01T22:32:02.387+0000] {taskinstance.py:2867} INFO - Starting attempt 1 of 2
[2025-05-01T22:32:02.394+0000] {taskinstance.py:2890} INFO - Executing <Task(PythonOperator): run_data_fetcher> on 2025-05-01 22:32:01.647850+00:00
[2025-05-01T22:32:02.398+0000] {warnings.py:112} WARNING - /home/airflow/.local/lib/python3.12/site-packages/airflow/task/task_runner/standard_task_runner.py:70: DeprecationWarning: This process (pid=54) is multi-threaded, use of fork() may lead to deadlocks in the child.
  pid = os.fork()

[2025-05-01T22:32:02.398+0000] {standard_task_runner.py:72} INFO - Started process 55 to run task
[2025-05-01T22:32:02.399+0000] {standard_task_runner.py:104} INFO - Running: ['airflow', 'tasks', 'run', 'gamelog_dag', 'run_data_fetcher', 'manual__2025-05-01T22:32:01.647850+00:00', '--job-id', '54', '--raw', '--subdir', 'DAGS_FOLDER/player_data_fetcher_dag.py', '--cfg-path', '/tmp/tmpthzccetl']
[2025-05-01T22:32:02.400+0000] {standard_task_runner.py:105} INFO - Job 54: Subtask run_data_fetcher
[2025-05-01T22:32:02.425+0000] {task_command.py:467} INFO - Running <TaskInstance: gamelog_dag.run_data_fetcher manual__2025-05-01T22:32:01.647850+00:00 [running]> on host a0536f64ad93
[2025-05-01T22:32:02.468+0000] {taskinstance.py:3134} INFO - Exporting env vars: AIRFLOW_CTX_DAG_OWNER='ian' AIRFLOW_CTX_DAG_ID='gamelog_dag' AIRFLOW_CTX_TASK_ID='run_data_fetcher' AIRFLOW_CTX_EXECUTION_DATE='2025-05-01T22:32:01.647850+00:00' AIRFLOW_CTX_TRY_NUMBER='1' AIRFLOW_CTX_DAG_RUN_ID='manual__2025-05-01T22:32:01.647850+00:00'
[2025-05-01T22:32:02.468+0000] {taskinstance.py:732} INFO - ::endgroup::
[2025-05-01T22:32:02.491+0000] {fetch_season_logs.py:17} INFO - Fetching season 2003-04, attempt 1
[2025-05-01T22:32:02.737+0000] {fetch_season_logs.py:41} INFO - Saved: /opt/airflow/nba_data/gamelogs/2003-04_Season.csv
[2025-05-01T22:32:04.238+0000] {fetch_season_logs.py:17} INFO - Fetching season 2004-05, attempt 1
[2025-05-01T22:32:04.335+0000] {fetch_season_logs.py:41} INFO - Saved: /opt/airflow/nba_data/gamelogs/2004-05_Season.csv
[2025-05-01T22:32:05.837+0000] {fetch_season_logs.py:17} INFO - Fetching season 2005-06, attempt 1
[2025-05-01T22:32:05.943+0000] {fetch_season_logs.py:41} INFO - Saved: /opt/airflow/nba_data/gamelogs/2005-06_Season.csv
[2025-05-01T22:32:07.446+0000] {fetch_season_logs.py:17} INFO - Fetching season 2006-07, attempt 1
[2025-05-01T22:32:07.542+0000] {fetch_season_logs.py:41} INFO - Saved: /opt/airflow/nba_data/gamelogs/2006-07_Season.csv
[2025-05-01T22:32:09.042+0000] {fetch_season_logs.py:17} INFO - Fetching season 2007-08, attempt 1
[2025-05-01T22:32:09.141+0000] {fetch_season_logs.py:41} INFO - Saved: /opt/airflow/nba_data/gamelogs/2007-08_Season.csv
[2025-05-01T22:32:10.645+0000] {fetch_season_logs.py:17} INFO - Fetching season 2008-09, attempt 1
[2025-05-01T22:32:10.745+0000] {fetch_season_logs.py:41} INFO - Saved: /opt/airflow/nba_data/gamelogs/2008-09_Season.csv
[2025-05-01T22:32:12.250+0000] {fetch_season_logs.py:17} INFO - Fetching season 2009-10, attempt 1
[2025-05-01T22:32:12.357+0000] {fetch_season_logs.py:41} INFO - Saved: /opt/airflow/nba_data/gamelogs/2009-10_Season.csv
[2025-05-01T22:32:13.857+0000] {fetch_season_logs.py:17} INFO - Fetching season 2010-11, attempt 1
[2025-05-01T22:32:13.962+0000] {fetch_season_logs.py:41} INFO - Saved: /opt/airflow/nba_data/gamelogs/2010-11_Season.csv
[2025-05-01T22:32:15.462+0000] {fetch_season_logs.py:17} INFO - Fetching season 2011-12, attempt 1
[2025-05-01T22:32:15.558+0000] {fetch_season_logs.py:41} INFO - Saved: /opt/airflow/nba_data/gamelogs/2011-12_Season.csv
[2025-05-01T22:32:17.059+0000] {fetch_season_logs.py:17} INFO - Fetching season 2012-13, attempt 1
[2025-05-01T22:32:17.200+0000] {fetch_season_logs.py:41} INFO - Saved: /opt/airflow/nba_data/gamelogs/2012-13_Season.csv
[2025-05-01T22:32:18.703+0000] {fetch_season_logs.py:17} INFO - Fetching season 2013-14, attempt 1
[2025-05-01T22:32:18.823+0000] {fetch_season_logs.py:41} INFO - Saved: /opt/airflow/nba_data/gamelogs/2013-14_Season.csv
[2025-05-01T22:32:20.323+0000] {fetch_season_logs.py:17} INFO - Fetching season 2014-15, attempt 1
[2025-05-01T22:32:20.672+0000] {fetch_season_logs.py:41} INFO - Saved: /opt/airflow/nba_data/gamelogs/2014-15_Season.csv
[2025-05-01T22:32:22.172+0000] {fetch_season_logs.py:17} INFO - Fetching season 2015-16, attempt 1
[2025-05-01T22:32:22.282+0000] {fetch_season_logs.py:41} INFO - Saved: /opt/airflow/nba_data/gamelogs/2015-16_Season.csv
[2025-05-01T22:32:23.786+0000] {fetch_season_logs.py:17} INFO - Fetching season 2016-17, attempt 1
[2025-05-01T22:32:24.129+0000] {fetch_season_logs.py:41} INFO - Saved: /opt/airflow/nba_data/gamelogs/2016-17_Season.csv
[2025-05-01T22:32:25.634+0000] {fetch_season_logs.py:17} INFO - Fetching season 2017-18, attempt 1
[2025-05-01T22:32:25.752+0000] {fetch_season_logs.py:41} INFO - Saved: /opt/airflow/nba_data/gamelogs/2017-18_Season.csv
[2025-05-01T22:32:27.253+0000] {fetch_season_logs.py:17} INFO - Fetching season 2018-19, attempt 1
[2025-05-01T22:32:27.360+0000] {fetch_season_logs.py:41} INFO - Saved: /opt/airflow/nba_data/gamelogs/2018-19_Season.csv
[2025-05-01T22:32:28.860+0000] {fetch_season_logs.py:17} INFO - Fetching season 2019-20, attempt 1
[2025-05-01T22:32:28.972+0000] {fetch_season_logs.py:41} INFO - Saved: /opt/airflow/nba_data/gamelogs/2019-20_Season.csv
[2025-05-01T22:32:30.476+0000] {fetch_season_logs.py:17} INFO - Fetching season 2020-21, attempt 1
[2025-05-01T22:32:30.834+0000] {fetch_season_logs.py:41} INFO - Saved: /opt/airflow/nba_data/gamelogs/2020-21_Season.csv
[2025-05-01T22:32:32.335+0000] {fetch_season_logs.py:17} INFO - Fetching season 2021-22, attempt 1
[2025-05-01T22:32:32.441+0000] {fetch_season_logs.py:41} INFO - Saved: /opt/airflow/nba_data/gamelogs/2021-22_Season.csv
[2025-05-01T22:32:33.941+0000] {fetch_season_logs.py:17} INFO - Fetching season 2022-23, attempt 1
[2025-05-01T22:32:34.030+0000] {fetch_season_logs.py:41} INFO - Saved: /opt/airflow/nba_data/gamelogs/2022-23_Season.csv
[2025-05-01T22:32:35.532+0000] {fetch_season_logs.py:17} INFO - Fetching season 2023-24, attempt 1
[2025-05-01T22:32:35.654+0000] {fetch_season_logs.py:41} INFO - Saved: /opt/airflow/nba_data/gamelogs/2023-24_Season.csv
[2025-05-01T22:32:37.155+0000] {fetch_season_logs.py:17} INFO - Fetching season 2024-25, attempt 1
[2025-05-01T22:32:37.256+0000] {fetch_season_logs.py:41} INFO - Saved: /opt/airflow/nba_data/gamelogs/2024-25_Season.csv
[2025-05-01T22:32:38.756+0000] {python.py:240} INFO - Done. Returned value was: None
[2025-05-01T22:32:38.762+0000] {taskinstance.py:341} INFO - ::group::Post task execution logs
[2025-05-01T22:32:38.763+0000] {taskinstance.py:353} INFO - Marking task as SUCCESS. dag_id=gamelog_dag, task_id=run_data_fetcher, run_id=manual__2025-05-01T22:32:01.647850+00:00, execution_date=20250501T223201, start_date=20250501T223202, end_date=20250501T223238
[2025-05-01T22:32:38.799+0000] {local_task_job_runner.py:266} INFO - Task exited with return code 0
[2025-05-01T22:32:38.806+0000] {taskinstance.py:3901} INFO - 0 downstream tasks scheduled from follow-on schedule check
[2025-05-01T22:32:38.808+0000] {local_task_job_runner.py:245} INFO - ::endgroup::
