[2025-05-02T06:22:17.018+0000] {local_task_job_runner.py:123} INFO - ::group::Pre task execution logs
[2025-05-02T06:22:17.027+0000] {taskinstance.py:2614} INFO - Dependencies all met for dep_context=non-requeueable deps ti=<TaskInstance: news_dag.create_table manual__2025-05-02T06:22:14.322175+00:00 [queued]>
[2025-05-02T06:22:17.031+0000] {taskinstance.py:2614} INFO - Dependencies all met for dep_context=requeueable deps ti=<TaskInstance: news_dag.create_table manual__2025-05-02T06:22:14.322175+00:00 [queued]>
[2025-05-02T06:22:17.031+0000] {taskinstance.py:2867} INFO - Starting attempt 1 of 2
[2025-05-02T06:22:17.038+0000] {taskinstance.py:2890} INFO - Executing <Task(SQLExecuteQueryOperator): create_table> on 2025-05-02 06:22:14.322175+00:00
[2025-05-02T06:22:17.041+0000] {warnings.py:112} WARNING - /home/airflow/.local/lib/python3.12/site-packages/airflow/task/task_runner/standard_task_runner.py:70: DeprecationWarning: This process (pid=63) is multi-threaded, use of fork() may lead to deadlocks in the child.
  pid = os.fork()

[2025-05-02T06:22:17.042+0000] {standard_task_runner.py:72} INFO - Started process 76 to run task
[2025-05-02T06:22:17.043+0000] {standard_task_runner.py:104} INFO - Running: ['airflow', 'tasks', 'run', 'news_dag', 'create_table', 'manual__2025-05-02T06:22:14.322175+00:00', '--job-id', '148', '--raw', '--subdir', 'DAGS_FOLDER/wordcount_dag.py', '--cfg-path', '/tmp/tmpkq8w13ep']
[2025-05-02T06:22:17.044+0000] {standard_task_runner.py:105} INFO - Job 148: Subtask create_table
[2025-05-02T06:22:17.065+0000] {task_command.py:467} INFO - Running <TaskInstance: news_dag.create_table manual__2025-05-02T06:22:14.322175+00:00 [running]> on host a5440911fc04
[2025-05-02T06:22:17.095+0000] {taskinstance.py:3134} INFO - Exporting env vars: AIRFLOW_CTX_DAG_OWNER='ian' AIRFLOW_CTX_DAG_ID='news_dag' AIRFLOW_CTX_TASK_ID='create_table' AIRFLOW_CTX_EXECUTION_DATE='2025-05-02T06:22:14.322175+00:00' AIRFLOW_CTX_TRY_NUMBER='1' AIRFLOW_CTX_DAG_RUN_ID='manual__2025-05-02T06:22:14.322175+00:00'
[2025-05-02T06:22:17.095+0000] {taskinstance.py:732} INFO - ::endgroup::
[2025-05-02T06:22:17.101+0000] {sql.py:295} INFO - Executing: CREATE TABLE IF NOT EXISTS weekly_nba_wordcount (
        word VARCHAR(255),
        count INT,
        run_date DATE
    );
    
[2025-05-02T06:22:17.104+0000] {base.py:84} INFO - Retrieving connection 'postgres_bigdata'
[2025-05-02T06:22:17.111+0000] {base.py:84} INFO - Retrieving connection 'postgres_bigdata'
[2025-05-02T06:22:17.113+0000] {sql.py:511} INFO - Running statement: CREATE TABLE IF NOT EXISTS weekly_nba_wordcount (
        word VARCHAR(255),
        count INT,
        run_date DATE
    );
    , parameters: None
[2025-05-02T06:22:17.123+0000] {warnings.py:112} WARNING - /home/airflow/.local/lib/python3.12/site-packages/airflow/providers/common/sql/hooks/sql.py:470: DeprecationWarning: Import of fetch_all_handler from the 'airflow.providers.common.sql.hooks' module is deprecated and will
be removed in the future. Please import it from 'airflow.providers.common.sql.hooks.handlers'.
  result = self._make_common_data_structure(handler(cur))

[2025-05-02T06:22:17.124+0000] {warnings.py:112} WARNING - /home/airflow/.local/lib/python3.12/site-packages/airflow/providers/common/sql/hooks/sql.py:471: DeprecationWarning: Import of return_single_query_results from the 'airflow.providers.common.sql.hooks' module is deprecated and will
be removed in the future. Please import it from 'airflow.providers.common.sql.hooks.handlers'.
  if return_single_query_results(sql, return_last, split_statements):

[2025-05-02T06:22:17.125+0000] {warnings.py:112} WARNING - /home/airflow/.local/lib/python3.12/site-packages/airflow/providers/common/sql/hooks/sql.py:486: DeprecationWarning: Import of return_single_query_results from the 'airflow.providers.common.sql.hooks' module is deprecated and will
be removed in the future. Please import it from 'airflow.providers.common.sql.hooks.handlers'.
  if return_single_query_results(sql, return_last, split_statements):

[2025-05-02T06:22:17.125+0000] {warnings.py:112} WARNING - /home/airflow/.local/lib/python3.12/site-packages/airflow/providers/common/sql/operators/sql.py:311: DeprecationWarning: Import of return_single_query_results from the 'airflow.providers.common.sql.hooks' module is deprecated and will
be removed in the future. Please import it from 'airflow.providers.common.sql.hooks.handlers'.
  if return_single_query_results(self.sql, self.return_last, self.split_statements):

[2025-05-02T06:22:17.129+0000] {taskinstance.py:341} INFO - ::group::Post task execution logs
[2025-05-02T06:22:17.130+0000] {taskinstance.py:353} INFO - Marking task as SUCCESS. dag_id=news_dag, task_id=create_table, run_id=manual__2025-05-02T06:22:14.322175+00:00, execution_date=20250502T062214, start_date=20250502T062217, end_date=20250502T062217
[2025-05-02T06:22:17.176+0000] {local_task_job_runner.py:266} INFO - Task exited with return code 0
[2025-05-02T06:22:17.186+0000] {taskinstance.py:3901} INFO - 1 downstream tasks scheduled from follow-on schedule check
[2025-05-02T06:22:17.187+0000] {local_task_job_runner.py:245} INFO - ::endgroup::
