[2025-05-02T02:27:53.551+0000] {local_task_job_runner.py:123} INFO - ::group::Pre task execution logs
[2025-05-02T02:27:53.560+0000] {taskinstance.py:2614} INFO - Dependencies all met for dep_context=non-requeueable deps ti=<TaskInstance: news_dag.create_table manual__2025-05-02T02:27:50.110443+00:00 [queued]>
[2025-05-02T02:27:53.564+0000] {taskinstance.py:2614} INFO - Dependencies all met for dep_context=requeueable deps ti=<TaskInstance: news_dag.create_table manual__2025-05-02T02:27:50.110443+00:00 [queued]>
[2025-05-02T02:27:53.564+0000] {taskinstance.py:2867} INFO - Starting attempt 1 of 2
[2025-05-02T02:27:53.569+0000] {taskinstance.py:2890} INFO - Executing <Task(SQLExecuteQueryOperator): create_table> on 2025-05-02 02:27:50.110443+00:00
[2025-05-02T02:27:53.572+0000] {warnings.py:112} WARNING - /home/airflow/.local/lib/python3.12/site-packages/airflow/task/task_runner/standard_task_runner.py:70: DeprecationWarning: This process (pid=212) is multi-threaded, use of fork() may lead to deadlocks in the child.
  pid = os.fork()

[2025-05-02T02:27:53.572+0000] {standard_task_runner.py:72} INFO - Started process 218 to run task
[2025-05-02T02:27:53.573+0000] {standard_task_runner.py:104} INFO - Running: ['airflow', 'tasks', 'run', 'news_dag', 'create_table', 'manual__2025-05-02T02:27:50.110443+00:00', '--job-id', '119', '--raw', '--subdir', 'DAGS_FOLDER/wordcount_dag.py', '--cfg-path', '/tmp/tmpzjf8iwme']
[2025-05-02T02:27:53.574+0000] {standard_task_runner.py:105} INFO - Job 119: Subtask create_table
[2025-05-02T02:27:53.600+0000] {task_command.py:467} INFO - Running <TaskInstance: news_dag.create_table manual__2025-05-02T02:27:50.110443+00:00 [running]> on host be0f4b68f6b8
[2025-05-02T02:27:53.631+0000] {taskinstance.py:3134} INFO - Exporting env vars: AIRFLOW_CTX_DAG_OWNER='ian' AIRFLOW_CTX_DAG_ID='news_dag' AIRFLOW_CTX_TASK_ID='create_table' AIRFLOW_CTX_EXECUTION_DATE='2025-05-02T02:27:50.110443+00:00' AIRFLOW_CTX_TRY_NUMBER='1' AIRFLOW_CTX_DAG_RUN_ID='manual__2025-05-02T02:27:50.110443+00:00'
[2025-05-02T02:27:53.632+0000] {taskinstance.py:732} INFO - ::endgroup::
[2025-05-02T02:27:53.637+0000] {sql.py:295} INFO - Executing: CREATE TABLE IF NOT EXISTS weekly_nba_wordcount (
        word VARCHAR(255),
        count INT,
        run_date DATE
    );
    
[2025-05-02T02:27:53.640+0000] {base.py:84} INFO - Retrieving connection 'postgres_bigdata'
[2025-05-02T02:27:53.649+0000] {base.py:84} INFO - Retrieving connection 'postgres_bigdata'
[2025-05-02T02:27:53.653+0000] {sql.py:511} INFO - Running statement: CREATE TABLE IF NOT EXISTS weekly_nba_wordcount (
        word VARCHAR(255),
        count INT,
        run_date DATE
    );
    , parameters: None
[2025-05-02T02:27:53.656+0000] {warnings.py:112} WARNING - /home/airflow/.local/lib/python3.12/site-packages/airflow/providers/common/sql/hooks/sql.py:470: DeprecationWarning: Import of fetch_all_handler from the 'airflow.providers.common.sql.hooks' module is deprecated and will
be removed in the future. Please import it from 'airflow.providers.common.sql.hooks.handlers'.
  result = self._make_common_data_structure(handler(cur))

[2025-05-02T02:27:53.656+0000] {warnings.py:112} WARNING - /home/airflow/.local/lib/python3.12/site-packages/airflow/providers/common/sql/hooks/sql.py:471: DeprecationWarning: Import of return_single_query_results from the 'airflow.providers.common.sql.hooks' module is deprecated and will
be removed in the future. Please import it from 'airflow.providers.common.sql.hooks.handlers'.
  if return_single_query_results(sql, return_last, split_statements):

[2025-05-02T02:27:53.657+0000] {warnings.py:112} WARNING - /home/airflow/.local/lib/python3.12/site-packages/airflow/providers/common/sql/hooks/sql.py:486: DeprecationWarning: Import of return_single_query_results from the 'airflow.providers.common.sql.hooks' module is deprecated and will
be removed in the future. Please import it from 'airflow.providers.common.sql.hooks.handlers'.
  if return_single_query_results(sql, return_last, split_statements):

[2025-05-02T02:27:53.657+0000] {warnings.py:112} WARNING - /home/airflow/.local/lib/python3.12/site-packages/airflow/providers/common/sql/operators/sql.py:311: DeprecationWarning: Import of return_single_query_results from the 'airflow.providers.common.sql.hooks' module is deprecated and will
be removed in the future. Please import it from 'airflow.providers.common.sql.hooks.handlers'.
  if return_single_query_results(self.sql, self.return_last, self.split_statements):

[2025-05-02T02:27:53.661+0000] {taskinstance.py:341} INFO - ::group::Post task execution logs
[2025-05-02T02:27:53.662+0000] {taskinstance.py:353} INFO - Marking task as SUCCESS. dag_id=news_dag, task_id=create_table, run_id=manual__2025-05-02T02:27:50.110443+00:00, execution_date=20250502T022750, start_date=20250502T022753, end_date=20250502T022753
[2025-05-02T02:27:53.710+0000] {local_task_job_runner.py:266} INFO - Task exited with return code 0
[2025-05-02T02:27:53.718+0000] {taskinstance.py:3901} INFO - 1 downstream tasks scheduled from follow-on schedule check
[2025-05-02T02:27:53.719+0000] {local_task_job_runner.py:245} INFO - ::endgroup::
