[2025-05-02T01:14:05.336+0000] {local_task_job_runner.py:123} INFO - ::group::Pre task execution logs
[2025-05-02T01:14:05.346+0000] {taskinstance.py:2614} INFO - Dependencies all met for dep_context=non-requeueable deps ti=<TaskInstance: news_dag.create_table manual__2025-05-02T01:09:01.351060+00:00 [queued]>
[2025-05-02T01:14:05.351+0000] {taskinstance.py:2614} INFO - Dependencies all met for dep_context=requeueable deps ti=<TaskInstance: news_dag.create_table manual__2025-05-02T01:09:01.351060+00:00 [queued]>
[2025-05-02T01:14:05.351+0000] {taskinstance.py:2867} INFO - Starting attempt 2 of 2
[2025-05-02T01:14:05.359+0000] {taskinstance.py:2890} INFO - Executing <Task(SQLExecuteQueryOperator): create_table> on 2025-05-02 01:09:01.351060+00:00
[2025-05-02T01:14:05.362+0000] {warnings.py:112} WARNING - /home/airflow/.local/lib/python3.12/site-packages/airflow/task/task_runner/standard_task_runner.py:70: DeprecationWarning: This process (pid=302) is multi-threaded, use of fork() may lead to deadlocks in the child.
  pid = os.fork()

[2025-05-02T01:14:05.363+0000] {standard_task_runner.py:72} INFO - Started process 303 to run task
[2025-05-02T01:14:05.364+0000] {standard_task_runner.py:104} INFO - Running: ['airflow', 'tasks', 'run', 'news_dag', 'create_table', 'manual__2025-05-02T01:09:01.351060+00:00', '--job-id', '81', '--raw', '--subdir', 'DAGS_FOLDER/wordcount_dag.py', '--cfg-path', '/tmp/tmpb4l1f73_']
[2025-05-02T01:14:05.364+0000] {standard_task_runner.py:105} INFO - Job 81: Subtask create_table
[2025-05-02T01:14:05.390+0000] {task_command.py:467} INFO - Running <TaskInstance: news_dag.create_table manual__2025-05-02T01:09:01.351060+00:00 [running]> on host fce46da9e4cc
[2025-05-02T01:14:05.425+0000] {taskinstance.py:3134} INFO - Exporting env vars: AIRFLOW_CTX_DAG_OWNER='ian' AIRFLOW_CTX_DAG_ID='news_dag' AIRFLOW_CTX_TASK_ID='create_table' AIRFLOW_CTX_EXECUTION_DATE='2025-05-02T01:09:01.351060+00:00' AIRFLOW_CTX_TRY_NUMBER='2' AIRFLOW_CTX_DAG_RUN_ID='manual__2025-05-02T01:09:01.351060+00:00'
[2025-05-02T01:14:05.426+0000] {taskinstance.py:732} INFO - ::endgroup::
[2025-05-02T01:14:05.432+0000] {sql.py:295} INFO - Executing: /opt/airflow/scripts/sql/wordcount_tables.sql 
[2025-05-02T01:14:05.437+0000] {base.py:84} INFO - Retrieving connection 'postgres_bigdata'
[2025-05-02T01:14:05.442+0000] {base.py:84} INFO - Retrieving connection 'postgres_bigdata'
[2025-05-02T01:14:05.445+0000] {sql.py:511} INFO - Running statement: /opt/airflow/scripts/sql/wordcount_tables.sql , parameters: None
[2025-05-02T01:14:05.445+0000] {taskinstance.py:3313} ERROR - Task failed with exception
Traceback (most recent call last):
  File "/home/airflow/.local/lib/python3.12/site-packages/airflow/models/taskinstance.py", line 768, in _execute_task
    result = _execute_callable(context=context, **execute_callable_kwargs)
             ^^^^^^^^^^^^^^^^^^^^^^^^^^^^^^^^^^^^^^^^^^^^^^^^^^^^^^^^^^^^^
  File "/home/airflow/.local/lib/python3.12/site-packages/airflow/models/taskinstance.py", line 734, in _execute_callable
    return ExecutionCallableRunner(
           ^^^^^^^^^^^^^^^^^^^^^^^^
  File "/home/airflow/.local/lib/python3.12/site-packages/airflow/utils/operator_helpers.py", line 252, in run
    return self.func(*args, **kwargs)
           ^^^^^^^^^^^^^^^^^^^^^^^^^^
  File "/home/airflow/.local/lib/python3.12/site-packages/airflow/models/baseoperator.py", line 424, in wrapper
    return func(self, *args, **kwargs)
           ^^^^^^^^^^^^^^^^^^^^^^^^^^^
  File "/home/airflow/.local/lib/python3.12/site-packages/airflow/providers/common/sql/operators/sql.py", line 301, in execute
    output = hook.run(
             ^^^^^^^^^
  File "/home/airflow/.local/lib/python3.12/site-packages/airflow/providers/common/sql/hooks/sql.py", line 467, in run
    self._run_command(cur, sql_statement, parameters)
  File "/home/airflow/.local/lib/python3.12/site-packages/airflow/providers/common/sql/hooks/sql.py", line 516, in _run_command
    cur.execute(sql_statement)
psycopg2.errors.SyntaxError: syntax error at or near "/"
LINE 1: /opt/airflow/scripts/sql/wordcount_tables.sql 
        ^

[2025-05-02T01:14:05.452+0000] {taskinstance.py:1226} INFO - Marking task as FAILED. dag_id=news_dag, task_id=create_table, run_id=manual__2025-05-02T01:09:01.351060+00:00, execution_date=20250502T010901, start_date=20250502T011405, end_date=20250502T011405
[2025-05-02T01:14:05.465+0000] {taskinstance.py:341} INFO - ::group::Post task execution logs
[2025-05-02T01:14:05.466+0000] {standard_task_runner.py:124} ERROR - Failed to execute job 81 for task create_table (syntax error at or near "/"
LINE 1: /opt/airflow/scripts/sql/wordcount_tables.sql 
        ^
; 303)
Traceback (most recent call last):
  File "/home/airflow/.local/lib/python3.12/site-packages/airflow/task/task_runner/standard_task_runner.py", line 117, in _start_by_fork
    ret = args.func(args, dag=self.dag)
          ^^^^^^^^^^^^^^^^^^^^^^^^^^^^^
  File "/home/airflow/.local/lib/python3.12/site-packages/airflow/cli/cli_config.py", line 49, in command
    return func(*args, **kwargs)
           ^^^^^^^^^^^^^^^^^^^^^
  File "/home/airflow/.local/lib/python3.12/site-packages/airflow/utils/cli.py", line 116, in wrapper
    return f(*args, **kwargs)
           ^^^^^^^^^^^^^^^^^^
  File "/home/airflow/.local/lib/python3.12/site-packages/airflow/cli/commands/task_command.py", line 483, in task_run
    task_return_code = _run_task_by_selected_method(args, _dag, ti)
                       ^^^^^^^^^^^^^^^^^^^^^^^^^^^^^^^^^^^^^^^^^^^^
  File "/home/airflow/.local/lib/python3.12/site-packages/airflow/cli/commands/task_command.py", line 256, in _run_task_by_selected_method
    return _run_raw_task(args, ti)
           ^^^^^^^^^^^^^^^^^^^^^^^
  File "/home/airflow/.local/lib/python3.12/site-packages/airflow/cli/commands/task_command.py", line 341, in _run_raw_task
    return ti._run_raw_task(
           ^^^^^^^^^^^^^^^^^
  File "/home/airflow/.local/lib/python3.12/site-packages/airflow/utils/session.py", line 97, in wrapper
    return func(*args, session=session, **kwargs)
           ^^^^^^^^^^^^^^^^^^^^^^^^^^^^^^^^^^^^^^
  File "/home/airflow/.local/lib/python3.12/site-packages/airflow/models/taskinstance.py", line 3006, in _run_raw_task
    return _run_raw_task(
           ^^^^^^^^^^^^^^
  File "/home/airflow/.local/lib/python3.12/site-packages/airflow/models/taskinstance.py", line 274, in _run_raw_task
    TaskInstance._execute_task_with_callbacks(
  File "/home/airflow/.local/lib/python3.12/site-packages/airflow/models/taskinstance.py", line 3161, in _execute_task_with_callbacks
    result = self._execute_task(context, task_orig)
             ^^^^^^^^^^^^^^^^^^^^^^^^^^^^^^^^^^^^^^
  File "/home/airflow/.local/lib/python3.12/site-packages/airflow/models/taskinstance.py", line 3185, in _execute_task
    return _execute_task(self, context, task_orig)
           ^^^^^^^^^^^^^^^^^^^^^^^^^^^^^^^^^^^^^^^
  File "/home/airflow/.local/lib/python3.12/site-packages/airflow/models/taskinstance.py", line 768, in _execute_task
    result = _execute_callable(context=context, **execute_callable_kwargs)
             ^^^^^^^^^^^^^^^^^^^^^^^^^^^^^^^^^^^^^^^^^^^^^^^^^^^^^^^^^^^^^
  File "/home/airflow/.local/lib/python3.12/site-packages/airflow/models/taskinstance.py", line 734, in _execute_callable
    return ExecutionCallableRunner(
           ^^^^^^^^^^^^^^^^^^^^^^^^
  File "/home/airflow/.local/lib/python3.12/site-packages/airflow/utils/operator_helpers.py", line 252, in run
    return self.func(*args, **kwargs)
           ^^^^^^^^^^^^^^^^^^^^^^^^^^
  File "/home/airflow/.local/lib/python3.12/site-packages/airflow/models/baseoperator.py", line 424, in wrapper
    return func(self, *args, **kwargs)
           ^^^^^^^^^^^^^^^^^^^^^^^^^^^
  File "/home/airflow/.local/lib/python3.12/site-packages/airflow/providers/common/sql/operators/sql.py", line 301, in execute
    output = hook.run(
             ^^^^^^^^^
  File "/home/airflow/.local/lib/python3.12/site-packages/airflow/providers/common/sql/hooks/sql.py", line 467, in run
    self._run_command(cur, sql_statement, parameters)
  File "/home/airflow/.local/lib/python3.12/site-packages/airflow/providers/common/sql/hooks/sql.py", line 516, in _run_command
    cur.execute(sql_statement)
psycopg2.errors.SyntaxError: syntax error at or near "/"
LINE 1: /opt/airflow/scripts/sql/wordcount_tables.sql 
        ^

[2025-05-02T01:14:05.497+0000] {local_task_job_runner.py:266} INFO - Task exited with return code 1
[2025-05-02T01:14:05.510+0000] {taskinstance.py:3901} INFO - 0 downstream tasks scheduled from follow-on schedule check
[2025-05-02T01:14:05.513+0000] {local_task_job_runner.py:245} INFO - ::endgroup::
