[2025-05-02T02:38:14.664+0000] {local_task_job_runner.py:123} INFO - ::group::Pre task execution logs
[2025-05-02T02:38:14.672+0000] {taskinstance.py:2614} INFO - Dependencies all met for dep_context=non-requeueable deps ti=<TaskInstance: fix_permissions_dag.fix_permissions manual__2025-05-02T02:38:13.699592+00:00 [queued]>
[2025-05-02T02:38:14.676+0000] {taskinstance.py:2614} INFO - Dependencies all met for dep_context=requeueable deps ti=<TaskInstance: fix_permissions_dag.fix_permissions manual__2025-05-02T02:38:13.699592+00:00 [queued]>
[2025-05-02T02:38:14.676+0000] {taskinstance.py:2867} INFO - Starting attempt 1 of 1
[2025-05-02T02:38:14.681+0000] {taskinstance.py:2890} INFO - Executing <Task(BashOperator): fix_permissions> on 2025-05-02 02:38:13.699592+00:00
[2025-05-02T02:38:14.685+0000] {warnings.py:112} WARNING - /home/airflow/.local/lib/python3.12/site-packages/airflow/task/task_runner/standard_task_runner.py:70: DeprecationWarning: This process (pid=948) is multi-threaded, use of fork() may lead to deadlocks in the child.
  pid = os.fork()

[2025-05-02T02:38:14.686+0000] {standard_task_runner.py:72} INFO - Started process 950 to run task
[2025-05-02T02:38:14.686+0000] {standard_task_runner.py:104} INFO - Running: ['airflow', 'tasks', 'run', 'fix_permissions_dag', 'fix_permissions', 'manual__2025-05-02T02:38:13.699592+00:00', '--job-id', '135', '--raw', '--subdir', 'DAGS_FOLDER/permission_fixer_dag.py', '--cfg-path', '/tmp/tmpgu0lhv2q']
[2025-05-02T02:38:14.687+0000] {standard_task_runner.py:105} INFO - Job 135: Subtask fix_permissions
[2025-05-02T02:38:14.706+0000] {task_command.py:467} INFO - Running <TaskInstance: fix_permissions_dag.fix_permissions manual__2025-05-02T02:38:13.699592+00:00 [running]> on host be0f4b68f6b8
[2025-05-02T02:38:14.742+0000] {taskinstance.py:3134} INFO - Exporting env vars: AIRFLOW_CTX_DAG_OWNER='ian' AIRFLOW_CTX_DAG_ID='fix_permissions_dag' AIRFLOW_CTX_TASK_ID='fix_permissions' AIRFLOW_CTX_EXECUTION_DATE='2025-05-02T02:38:13.699592+00:00' AIRFLOW_CTX_TRY_NUMBER='1' AIRFLOW_CTX_DAG_RUN_ID='manual__2025-05-02T02:38:13.699592+00:00'
[2025-05-02T02:38:14.743+0000] {taskinstance.py:732} INFO - ::endgroup::
[2025-05-02T02:38:14.748+0000] {subprocess.py:78} INFO - Tmp dir root location: /tmp
[2025-05-02T02:38:14.749+0000] {subprocess.py:88} INFO - Running command: ['/usr/bin/bash', '-c', 'bash /opt/airflow/scripts/bash/permissions.sh ']
[2025-05-02T02:38:14.754+0000] {subprocess.py:99} INFO - Output:
[2025-05-02T02:38:14.758+0000] {subprocess.py:106} INFO - chmod: changing permissions of '/opt/airflow/nba_data/gamelogs/2013-14_Season.csv': Operation not permitted
[2025-05-02T02:38:14.759+0000] {subprocess.py:106} INFO - chmod: changing permissions of '/opt/airflow/nba_data/gamelogs/2015-16_Season.csv': Operation not permitted
[2025-05-02T02:38:14.760+0000] {subprocess.py:106} INFO - chmod: changing permissions of '/opt/airflow/nba_data/gamelogs/2007-08_Season.csv': Operation not permitted
[2025-05-02T02:38:14.761+0000] {subprocess.py:106} INFO - chmod: changing permissions of '/opt/airflow/nba_data/gamelogs/2023-24_Season.csv': Operation not permitted
[2025-05-02T02:38:14.762+0000] {subprocess.py:106} INFO - chmod: changing permissions of '/opt/airflow/nba_data/gamelogs/2003-04_Season.csv': Operation not permitted
[2025-05-02T02:38:14.762+0000] {subprocess.py:106} INFO - chmod: changing permissions of '/opt/airflow/nba_data/gamelogs/2017-18_Season.csv': Operation not permitted
[2025-05-02T02:38:14.763+0000] {subprocess.py:106} INFO - chmod: changing permissions of '/opt/airflow/nba_data/gamelogs/2011-12_Season.csv': Operation not permitted
[2025-05-02T02:38:14.764+0000] {subprocess.py:106} INFO - chmod: changing permissions of '/opt/airflow/nba_data/gamelogs/2024-25_Season.csv': Operation not permitted
[2025-05-02T02:38:14.765+0000] {subprocess.py:106} INFO - chmod: changing permissions of '/opt/airflow/nba_data/gamelogs/2008-09_Season.csv': Operation not permitted
[2025-05-02T02:38:14.765+0000] {subprocess.py:106} INFO - chmod: changing permissions of '/opt/airflow/nba_data/gamelogs/2009-10_Season.csv': Operation not permitted
[2025-05-02T02:38:14.766+0000] {subprocess.py:106} INFO - chmod: changing permissions of '/opt/airflow/nba_data/gamelogs/2014-15_Season.csv': Operation not permitted
[2025-05-02T02:38:14.767+0000] {subprocess.py:106} INFO - chmod: changing permissions of '/opt/airflow/nba_data/gamelogs/2016-17_Season.csv': Operation not permitted
[2025-05-02T02:38:14.768+0000] {subprocess.py:106} INFO - chmod: changing permissions of '/opt/airflow/nba_data/gamelogs/2021-22_Season.csv': Operation not permitted
[2025-05-02T02:38:14.769+0000] {subprocess.py:106} INFO - chmod: changing permissions of '/opt/airflow/nba_data/gamelogs/2004-05_Season.csv': Operation not permitted
[2025-05-02T02:38:14.769+0000] {subprocess.py:106} INFO - chmod: changing permissions of '/opt/airflow/nba_data/gamelogs/2006-07_Season.csv': Operation not permitted
[2025-05-02T02:38:14.770+0000] {subprocess.py:106} INFO - chmod: changing permissions of '/opt/airflow/nba_data/gamelogs/2022-23_Season.csv': Operation not permitted
[2025-05-02T02:38:14.771+0000] {subprocess.py:106} INFO - chmod: changing permissions of '/opt/airflow/nba_data/gamelogs/2020-21_Season.csv': Operation not permitted
[2025-05-02T02:38:14.772+0000] {subprocess.py:106} INFO - chmod: changing permissions of '/opt/airflow/nba_data/gamelogs/2018-19_Season.csv': Operation not permitted
[2025-05-02T02:38:14.772+0000] {subprocess.py:106} INFO - chmod: changing permissions of '/opt/airflow/nba_data/gamelogs/2019-20_Season.csv': Operation not permitted
[2025-05-02T02:38:14.773+0000] {subprocess.py:106} INFO - chmod: changing permissions of '/opt/airflow/nba_data/gamelogs/2012-13_Season.csv': Operation not permitted
[2025-05-02T02:38:14.774+0000] {subprocess.py:106} INFO - chmod: changing permissions of '/opt/airflow/nba_data/gamelogs/2010-11_Season.csv': Operation not permitted
[2025-05-02T02:38:14.775+0000] {subprocess.py:106} INFO - chmod: changing permissions of '/opt/airflow/nba_data/gamelogs/2005-06_Season.csv': Operation not permitted
[2025-05-02T02:38:14.777+0000] {subprocess.py:106} INFO - chmod: changing permissions of '/opt/airflow/nba_data': Operation not permitted
[2025-05-02T02:38:14.777+0000] {subprocess.py:106} INFO - chmod: changing permissions of '/opt/airflow/nba_data/season-logs': Operation not permitted
[2025-05-02T02:38:14.778+0000] {subprocess.py:106} INFO - chmod: changing permissions of '/opt/airflow/nba_data/season-logs/2023-24_Season': Operation not permitted
[2025-05-02T02:38:14.780+0000] {subprocess.py:106} INFO - chmod: changing permissions of '/opt/airflow/nba_data/gamelogs': Operation not permitted
[2025-05-02T02:38:14.781+0000] {subprocess.py:110} INFO - Command exited with return code 0
[2025-05-02T02:38:14.793+0000] {taskinstance.py:341} INFO - ::group::Post task execution logs
[2025-05-02T02:38:14.793+0000] {taskinstance.py:353} INFO - Marking task as SUCCESS. dag_id=fix_permissions_dag, task_id=fix_permissions, run_id=manual__2025-05-02T02:38:13.699592+00:00, execution_date=20250502T023813, start_date=20250502T023814, end_date=20250502T023814
[2025-05-02T02:38:14.820+0000] {local_task_job_runner.py:266} INFO - Task exited with return code 0
[2025-05-02T02:38:14.827+0000] {taskinstance.py:3901} INFO - 0 downstream tasks scheduled from follow-on schedule check
[2025-05-02T02:38:14.828+0000] {local_task_job_runner.py:245} INFO - ::endgroup::
