[2025-05-02T21:22:54.095+0000] {local_task_job_runner.py:123} INFO - ::group::Pre task execution logs
[2025-05-02T21:22:54.112+0000] {taskinstance.py:2614} INFO - Dependencies all met for dep_context=non-requeueable deps ti=<TaskInstance: nba_stats_dag.create_table manual__2025-05-02T21:22:52.291423+00:00 [queued]>
[2025-05-02T21:22:54.117+0000] {taskinstance.py:2614} INFO - Dependencies all met for dep_context=requeueable deps ti=<TaskInstance: nba_stats_dag.create_table manual__2025-05-02T21:22:52.291423+00:00 [queued]>
[2025-05-02T21:22:54.117+0000] {taskinstance.py:2867} INFO - Starting attempt 1 of 2
[2025-05-02T21:22:54.123+0000] {taskinstance.py:2890} INFO - Executing <Task(SQLExecuteQueryOperator): create_table> on 2025-05-02 21:22:52.291423+00:00
[2025-05-02T21:22:54.125+0000] {warnings.py:112} WARNING - /home/airflow/.local/lib/python3.12/site-packages/airflow/task/task_runner/standard_task_runner.py:70: DeprecationWarning: This process (pid=54) is multi-threaded, use of fork() may lead to deadlocks in the child.
  pid = os.fork()

[2025-05-02T21:22:54.126+0000] {standard_task_runner.py:72} INFO - Started process 55 to run task
[2025-05-02T21:22:54.126+0000] {standard_task_runner.py:104} INFO - Running: ['airflow', 'tasks', 'run', 'nba_stats_dag', 'create_table', 'manual__2025-05-02T21:22:52.291423+00:00', '--job-id', '186', '--raw', '--subdir', 'DAGS_FOLDER/pergame_stats_dag.py', '--cfg-path', '/tmp/tmpkflm0ixq']
[2025-05-02T21:22:54.127+0000] {standard_task_runner.py:105} INFO - Job 186: Subtask create_table
[2025-05-02T21:22:54.145+0000] {task_command.py:467} INFO - Running <TaskInstance: nba_stats_dag.create_table manual__2025-05-02T21:22:52.291423+00:00 [running]> on host 380e61014dc5
[2025-05-02T21:22:54.181+0000] {taskinstance.py:3134} INFO - Exporting env vars: AIRFLOW_CTX_DAG_OWNER='ian' AIRFLOW_CTX_DAG_ID='nba_stats_dag' AIRFLOW_CTX_TASK_ID='create_table' AIRFLOW_CTX_EXECUTION_DATE='2025-05-02T21:22:52.291423+00:00' AIRFLOW_CTX_TRY_NUMBER='1' AIRFLOW_CTX_DAG_RUN_ID='manual__2025-05-02T21:22:52.291423+00:00'
[2025-05-02T21:22:54.181+0000] {taskinstance.py:732} INFO - ::endgroup::
[2025-05-02T21:22:54.198+0000] {sql.py:295} INFO - Executing: 
    CREATE TABLE IF NOT EXISTS weekly_nba_wordcount (
        season VARCHAR(255),
        ppg FLOAT,
        rpg FLOAT,
        apg FLOAT,
        spg FLOAT,
        bpg FLOAT,
        3pt_pct FLOAT
    );
    
[2025-05-02T21:22:54.201+0000] {base.py:84} INFO - Retrieving connection 'postgres_bigdata'
[2025-05-02T21:22:54.214+0000] {base.py:84} INFO - Retrieving connection 'postgres_bigdata'
[2025-05-02T21:22:54.216+0000] {sql.py:511} INFO - Running statement: 
    CREATE TABLE IF NOT EXISTS weekly_nba_wordcount (
        season VARCHAR(255),
        ppg FLOAT,
        rpg FLOAT,
        apg FLOAT,
        spg FLOAT,
        bpg FLOAT,
        3pt_pct FLOAT
    );
    , parameters: None
[2025-05-02T21:22:54.217+0000] {taskinstance.py:3313} ERROR - Task failed with exception
Traceback (most recent call last):
  File "/home/airflow/.local/lib/python3.12/site-packages/airflow/models/taskinstance.py", line 768, in _execute_task
    result = _execute_callable(context=context, **execute_callable_kwargs)
             ^^^^^^^^^^^^^^^^^^^^^^^^^^^^^^^^^^^^^^^^^^^^^^^^^^^^^^^^^^^^^
  File "/home/airflow/.local/lib/python3.12/site-packages/airflow/models/taskinstance.py", line 734, in _execute_callable
    return ExecutionCallableRunner(
           ^^^^^^^^^^^^^^^^^^^^^^^^
  File "/home/airflow/.local/lib/python3.12/site-packages/airflow/utils/operator_helpers.py", line 252, in run
    return self.func(*args, **kwargs)
           ^^^^^^^^^^^^^^^^^^^^^^^^^^
  File "/home/airflow/.local/lib/python3.12/site-packages/airflow/models/baseoperator.py", line 424, in wrapper
    return func(self, *args, **kwargs)
           ^^^^^^^^^^^^^^^^^^^^^^^^^^^
  File "/home/airflow/.local/lib/python3.12/site-packages/airflow/providers/common/sql/operators/sql.py", line 301, in execute
    output = hook.run(
             ^^^^^^^^^
  File "/home/airflow/.local/lib/python3.12/site-packages/airflow/providers/common/sql/hooks/sql.py", line 467, in run
    self._run_command(cur, sql_statement, parameters)
  File "/home/airflow/.local/lib/python3.12/site-packages/airflow/providers/common/sql/hooks/sql.py", line 516, in _run_command
    cur.execute(sql_statement)
psycopg2.errors.SyntaxError: syntax error at or near "3"
LINE 9:         3pt_pct FLOAT
                ^

[2025-05-02T21:22:54.226+0000] {taskinstance.py:1226} INFO - Marking task as UP_FOR_RETRY. dag_id=nba_stats_dag, task_id=create_table, run_id=manual__2025-05-02T21:22:52.291423+00:00, execution_date=20250502T212252, start_date=20250502T212254, end_date=20250502T212254
[2025-05-02T21:22:54.240+0000] {taskinstance.py:341} INFO - ::group::Post task execution logs
[2025-05-02T21:22:54.240+0000] {standard_task_runner.py:124} ERROR - Failed to execute job 186 for task create_table (syntax error at or near "3"
LINE 9:         3pt_pct FLOAT
                ^
; 55)
Traceback (most recent call last):
  File "/home/airflow/.local/lib/python3.12/site-packages/airflow/task/task_runner/standard_task_runner.py", line 117, in _start_by_fork
    ret = args.func(args, dag=self.dag)
          ^^^^^^^^^^^^^^^^^^^^^^^^^^^^^
  File "/home/airflow/.local/lib/python3.12/site-packages/airflow/cli/cli_config.py", line 49, in command
    return func(*args, **kwargs)
           ^^^^^^^^^^^^^^^^^^^^^
  File "/home/airflow/.local/lib/python3.12/site-packages/airflow/utils/cli.py", line 116, in wrapper
    return f(*args, **kwargs)
           ^^^^^^^^^^^^^^^^^^
  File "/home/airflow/.local/lib/python3.12/site-packages/airflow/cli/commands/task_command.py", line 483, in task_run
    task_return_code = _run_task_by_selected_method(args, _dag, ti)
                       ^^^^^^^^^^^^^^^^^^^^^^^^^^^^^^^^^^^^^^^^^^^^
  File "/home/airflow/.local/lib/python3.12/site-packages/airflow/cli/commands/task_command.py", line 256, in _run_task_by_selected_method
    return _run_raw_task(args, ti)
           ^^^^^^^^^^^^^^^^^^^^^^^
  File "/home/airflow/.local/lib/python3.12/site-packages/airflow/cli/commands/task_command.py", line 341, in _run_raw_task
    return ti._run_raw_task(
           ^^^^^^^^^^^^^^^^^
  File "/home/airflow/.local/lib/python3.12/site-packages/airflow/utils/session.py", line 97, in wrapper
    return func(*args, session=session, **kwargs)
           ^^^^^^^^^^^^^^^^^^^^^^^^^^^^^^^^^^^^^^
  File "/home/airflow/.local/lib/python3.12/site-packages/airflow/models/taskinstance.py", line 3006, in _run_raw_task
    return _run_raw_task(
           ^^^^^^^^^^^^^^
  File "/home/airflow/.local/lib/python3.12/site-packages/airflow/models/taskinstance.py", line 274, in _run_raw_task
    TaskInstance._execute_task_with_callbacks(
  File "/home/airflow/.local/lib/python3.12/site-packages/airflow/models/taskinstance.py", line 3161, in _execute_task_with_callbacks
    result = self._execute_task(context, task_orig)
             ^^^^^^^^^^^^^^^^^^^^^^^^^^^^^^^^^^^^^^
  File "/home/airflow/.local/lib/python3.12/site-packages/airflow/models/taskinstance.py", line 3185, in _execute_task
    return _execute_task(self, context, task_orig)
           ^^^^^^^^^^^^^^^^^^^^^^^^^^^^^^^^^^^^^^^
  File "/home/airflow/.local/lib/python3.12/site-packages/airflow/models/taskinstance.py", line 768, in _execute_task
    result = _execute_callable(context=context, **execute_callable_kwargs)
             ^^^^^^^^^^^^^^^^^^^^^^^^^^^^^^^^^^^^^^^^^^^^^^^^^^^^^^^^^^^^^
  File "/home/airflow/.local/lib/python3.12/site-packages/airflow/models/taskinstance.py", line 734, in _execute_callable
    return ExecutionCallableRunner(
           ^^^^^^^^^^^^^^^^^^^^^^^^
  File "/home/airflow/.local/lib/python3.12/site-packages/airflow/utils/operator_helpers.py", line 252, in run
    return self.func(*args, **kwargs)
           ^^^^^^^^^^^^^^^^^^^^^^^^^^
  File "/home/airflow/.local/lib/python3.12/site-packages/airflow/models/baseoperator.py", line 424, in wrapper
    return func(self, *args, **kwargs)
           ^^^^^^^^^^^^^^^^^^^^^^^^^^^
  File "/home/airflow/.local/lib/python3.12/site-packages/airflow/providers/common/sql/operators/sql.py", line 301, in execute
    output = hook.run(
             ^^^^^^^^^
  File "/home/airflow/.local/lib/python3.12/site-packages/airflow/providers/common/sql/hooks/sql.py", line 467, in run
    self._run_command(cur, sql_statement, parameters)
  File "/home/airflow/.local/lib/python3.12/site-packages/airflow/providers/common/sql/hooks/sql.py", line 516, in _run_command
    cur.execute(sql_statement)
psycopg2.errors.SyntaxError: syntax error at or near "3"
LINE 9:         3pt_pct FLOAT
                ^

[2025-05-02T21:22:54.263+0000] {local_task_job_runner.py:266} INFO - Task exited with return code 1
[2025-05-02T21:22:54.272+0000] {taskinstance.py:3901} INFO - 0 downstream tasks scheduled from follow-on schedule check
[2025-05-02T21:22:54.273+0000] {local_task_job_runner.py:245} INFO - ::endgroup::
