[2025-05-02T02:36:42.044+0000] {local_task_job_runner.py:123} INFO - ::group::Pre task execution logs
[2025-05-02T02:36:42.050+0000] {taskinstance.py:2614} INFO - Dependencies all met for dep_context=non-requeueable deps ti=<TaskInstance: fix_permissions_dag.fix_permissions manual__2025-05-02T02:36:41.088508+00:00 [queued]>
[2025-05-02T02:36:42.053+0000] {taskinstance.py:2614} INFO - Dependencies all met for dep_context=requeueable deps ti=<TaskInstance: fix_permissions_dag.fix_permissions manual__2025-05-02T02:36:41.088508+00:00 [queued]>
[2025-05-02T02:36:42.053+0000] {taskinstance.py:2867} INFO - Starting attempt 1 of 1
[2025-05-02T02:36:42.058+0000] {taskinstance.py:2890} INFO - Executing <Task(BashOperator): fix_permissions> on 2025-05-02 02:36:41.088508+00:00
[2025-05-02T02:36:42.061+0000] {warnings.py:112} WARNING - /home/airflow/.local/lib/python3.12/site-packages/airflow/task/task_runner/standard_task_runner.py:70: DeprecationWarning: This process (pid=756) is multi-threaded, use of fork() may lead to deadlocks in the child.
  pid = os.fork()

[2025-05-02T02:36:42.061+0000] {standard_task_runner.py:72} INFO - Started process 757 to run task
[2025-05-02T02:36:42.062+0000] {standard_task_runner.py:104} INFO - Running: ['airflow', 'tasks', 'run', 'fix_permissions_dag', 'fix_permissions', 'manual__2025-05-02T02:36:41.088508+00:00', '--job-id', '130', '--raw', '--subdir', 'DAGS_FOLDER/permission_fixer_dag.py', '--cfg-path', '/tmp/tmp0jj5ma84']
[2025-05-02T02:36:42.062+0000] {standard_task_runner.py:105} INFO - Job 130: Subtask fix_permissions
[2025-05-02T02:36:42.083+0000] {task_command.py:467} INFO - Running <TaskInstance: fix_permissions_dag.fix_permissions manual__2025-05-02T02:36:41.088508+00:00 [running]> on host be0f4b68f6b8
[2025-05-02T02:36:42.117+0000] {taskinstance.py:3134} INFO - Exporting env vars: AIRFLOW_CTX_DAG_OWNER='ian' AIRFLOW_CTX_DAG_ID='fix_permissions_dag' AIRFLOW_CTX_TASK_ID='fix_permissions' AIRFLOW_CTX_EXECUTION_DATE='2025-05-02T02:36:41.088508+00:00' AIRFLOW_CTX_TRY_NUMBER='1' AIRFLOW_CTX_DAG_RUN_ID='manual__2025-05-02T02:36:41.088508+00:00'
[2025-05-02T02:36:42.118+0000] {taskinstance.py:732} INFO - ::endgroup::
[2025-05-02T02:36:42.123+0000] {subprocess.py:78} INFO - Tmp dir root location: /tmp
[2025-05-02T02:36:42.124+0000] {subprocess.py:88} INFO - Running command: ['/usr/bin/bash', '-c', 'bash /opt/airflow/scripts/bash/permissions.sh ']
[2025-05-02T02:36:42.130+0000] {subprocess.py:99} INFO - Output:
[2025-05-02T02:36:42.135+0000] {subprocess.py:106} INFO - chmod: changing permissions of '/opt/airflow/nba_data/gamelogs/2013-14_Season.csv': Operation not permitted
[2025-05-02T02:36:42.135+0000] {subprocess.py:106} INFO - chmod: changing permissions of '/opt/airflow/nba_data/gamelogs/2015-16_Season.csv': Operation not permitted
[2025-05-02T02:36:42.136+0000] {subprocess.py:106} INFO - chmod: changing permissions of '/opt/airflow/nba_data/gamelogs/2007-08_Season.csv': Operation not permitted
[2025-05-02T02:36:42.137+0000] {subprocess.py:106} INFO - chmod: changing permissions of '/opt/airflow/nba_data/gamelogs/2023-24_Season.csv': Operation not permitted
[2025-05-02T02:36:42.138+0000] {subprocess.py:106} INFO - chmod: changing permissions of '/opt/airflow/nba_data/gamelogs/2003-04_Season.csv': Operation not permitted
[2025-05-02T02:36:42.139+0000] {subprocess.py:106} INFO - chmod: changing permissions of '/opt/airflow/nba_data/gamelogs/2017-18_Season.csv': Operation not permitted
[2025-05-02T02:36:42.140+0000] {subprocess.py:106} INFO - chmod: changing permissions of '/opt/airflow/nba_data/gamelogs/2011-12_Season.csv': Operation not permitted
[2025-05-02T02:36:42.140+0000] {subprocess.py:106} INFO - chmod: changing permissions of '/opt/airflow/nba_data/gamelogs/2024-25_Season.csv': Operation not permitted
[2025-05-02T02:36:42.141+0000] {subprocess.py:106} INFO - chmod: changing permissions of '/opt/airflow/nba_data/gamelogs/2008-09_Season.csv': Operation not permitted
[2025-05-02T02:36:42.142+0000] {subprocess.py:106} INFO - chmod: changing permissions of '/opt/airflow/nba_data/gamelogs/2009-10_Season.csv': Operation not permitted
[2025-05-02T02:36:42.143+0000] {subprocess.py:106} INFO - chmod: changing permissions of '/opt/airflow/nba_data/gamelogs/2014-15_Season.csv': Operation not permitted
[2025-05-02T02:36:42.144+0000] {subprocess.py:106} INFO - chmod: changing permissions of '/opt/airflow/nba_data/gamelogs/2016-17_Season.csv': Operation not permitted
[2025-05-02T02:36:42.144+0000] {subprocess.py:106} INFO - chmod: changing permissions of '/opt/airflow/nba_data/gamelogs/2021-22_Season.csv': Operation not permitted
[2025-05-02T02:36:42.145+0000] {subprocess.py:106} INFO - chmod: changing permissions of '/opt/airflow/nba_data/gamelogs/2004-05_Season.csv': Operation not permitted
[2025-05-02T02:36:42.145+0000] {subprocess.py:106} INFO - chmod: changing permissions of '/opt/airflow/nba_data/gamelogs/2006-07_Season.csv': Operation not permitted
[2025-05-02T02:36:42.146+0000] {subprocess.py:106} INFO - chmod: changing permissions of '/opt/airflow/nba_data/gamelogs/2022-23_Season.csv': Operation not permitted
[2025-05-02T02:36:42.147+0000] {subprocess.py:106} INFO - chmod: changing permissions of '/opt/airflow/nba_data/gamelogs/2020-21_Season.csv': Operation not permitted
[2025-05-02T02:36:42.148+0000] {subprocess.py:106} INFO - chmod: changing permissions of '/opt/airflow/nba_data/gamelogs/2018-19_Season.csv': Operation not permitted
[2025-05-02T02:36:42.148+0000] {subprocess.py:106} INFO - chmod: changing permissions of '/opt/airflow/nba_data/gamelogs/2019-20_Season.csv': Operation not permitted
[2025-05-02T02:36:42.149+0000] {subprocess.py:106} INFO - chmod: changing permissions of '/opt/airflow/nba_data/gamelogs/2012-13_Season.csv': Operation not permitted
[2025-05-02T02:36:42.150+0000] {subprocess.py:106} INFO - chmod: changing permissions of '/opt/airflow/nba_data/gamelogs/2010-11_Season.csv': Operation not permitted
[2025-05-02T02:36:42.151+0000] {subprocess.py:106} INFO - chmod: changing permissions of '/opt/airflow/nba_data/gamelogs/2005-06_Season.csv': Operation not permitted
[2025-05-02T02:36:42.153+0000] {subprocess.py:106} INFO - chmod: changing permissions of '/opt/airflow/nba_data': Operation not permitted
[2025-05-02T02:36:42.153+0000] {subprocess.py:106} INFO - chmod: changing permissions of '/opt/airflow/nba_data/season-logs': Operation not permitted
[2025-05-02T02:36:42.154+0000] {subprocess.py:106} INFO - chmod: changing permissions of '/opt/airflow/nba_data/season-logs/2023-24_Season': Operation not permitted
[2025-05-02T02:36:42.156+0000] {subprocess.py:106} INFO - chmod: changing permissions of '/opt/airflow/nba_data/gamelogs': Operation not permitted
[2025-05-02T02:36:42.157+0000] {subprocess.py:110} INFO - Command exited with return code 0
[2025-05-02T02:36:42.169+0000] {taskinstance.py:341} INFO - ::group::Post task execution logs
[2025-05-02T02:36:42.169+0000] {taskinstance.py:353} INFO - Marking task as SUCCESS. dag_id=fix_permissions_dag, task_id=fix_permissions, run_id=manual__2025-05-02T02:36:41.088508+00:00, execution_date=20250502T023641, start_date=20250502T023642, end_date=20250502T023642
[2025-05-02T02:36:42.194+0000] {local_task_job_runner.py:266} INFO - Task exited with return code 0
[2025-05-02T02:36:42.201+0000] {taskinstance.py:3901} INFO - 0 downstream tasks scheduled from follow-on schedule check
[2025-05-02T02:36:42.202+0000] {local_task_job_runner.py:245} INFO - ::endgroup::
