[2025-05-02T06:28:17.114+0000] {local_task_job_runner.py:123} INFO - ::group::Pre task execution logs
[2025-05-02T06:28:17.122+0000] {taskinstance.py:2614} INFO - Dependencies all met for dep_context=non-requeueable deps ti=<TaskInstance: fix_permissions_dag.fix_permissions manual__2025-05-02T06:28:16.346431+00:00 [queued]>
[2025-05-02T06:28:17.125+0000] {taskinstance.py:2614} INFO - Dependencies all met for dep_context=requeueable deps ti=<TaskInstance: fix_permissions_dag.fix_permissions manual__2025-05-02T06:28:16.346431+00:00 [queued]>
[2025-05-02T06:28:17.125+0000] {taskinstance.py:2867} INFO - Starting attempt 1 of 1
[2025-05-02T06:28:17.129+0000] {taskinstance.py:2890} INFO - Executing <Task(BashOperator): fix_permissions> on 2025-05-02 06:28:16.346431+00:00
[2025-05-02T06:28:17.132+0000] {warnings.py:112} WARNING - /home/airflow/.local/lib/python3.12/site-packages/airflow/task/task_runner/standard_task_runner.py:70: DeprecationWarning: This process (pid=409) is multi-threaded, use of fork() may lead to deadlocks in the child.
  pid = os.fork()

[2025-05-02T06:28:17.133+0000] {standard_task_runner.py:72} INFO - Started process 410 to run task
[2025-05-02T06:28:17.133+0000] {standard_task_runner.py:104} INFO - Running: ['airflow', 'tasks', 'run', 'fix_permissions_dag', 'fix_permissions', 'manual__2025-05-02T06:28:16.346431+00:00', '--job-id', '160', '--raw', '--subdir', 'DAGS_FOLDER/permission_fixer_dag.py', '--cfg-path', '/tmp/tmpwrt6geq_']
[2025-05-02T06:28:17.134+0000] {standard_task_runner.py:105} INFO - Job 160: Subtask fix_permissions
[2025-05-02T06:28:17.153+0000] {task_command.py:467} INFO - Running <TaskInstance: fix_permissions_dag.fix_permissions manual__2025-05-02T06:28:16.346431+00:00 [running]> on host c1ec3e63ea09
[2025-05-02T06:28:17.190+0000] {taskinstance.py:3134} INFO - Exporting env vars: AIRFLOW_CTX_DAG_OWNER='ian' AIRFLOW_CTX_DAG_ID='fix_permissions_dag' AIRFLOW_CTX_TASK_ID='fix_permissions' AIRFLOW_CTX_EXECUTION_DATE='2025-05-02T06:28:16.346431+00:00' AIRFLOW_CTX_TRY_NUMBER='1' AIRFLOW_CTX_DAG_RUN_ID='manual__2025-05-02T06:28:16.346431+00:00'
[2025-05-02T06:28:17.191+0000] {taskinstance.py:732} INFO - ::endgroup::
[2025-05-02T06:28:17.196+0000] {subprocess.py:78} INFO - Tmp dir root location: /tmp
[2025-05-02T06:28:17.196+0000] {subprocess.py:88} INFO - Running command: ['/usr/bin/bash', '-c', 'bash /opt/airflow/scripts/bash/permissions.sh ']
[2025-05-02T06:28:17.201+0000] {subprocess.py:99} INFO - Output:
[2025-05-02T06:28:17.226+0000] {subprocess.py:106} INFO - chmod: changing permissions of '/opt/airflow/nba_data': Operation not permitted
[2025-05-02T06:28:17.227+0000] {subprocess.py:106} INFO - chmod: changing permissions of '/opt/airflow/nba_data/season-logs': Operation not permitted
[2025-05-02T06:28:17.228+0000] {subprocess.py:106} INFO - chmod: changing permissions of '/opt/airflow/nba_data/season-logs/2023-24_Season': Operation not permitted
[2025-05-02T06:28:17.230+0000] {subprocess.py:106} INFO - chmod: changing permissions of '/opt/airflow/nba_data/gamelogs': Operation not permitted
[2025-05-02T06:28:17.230+0000] {subprocess.py:110} INFO - Command exited with return code 0
[2025-05-02T06:28:17.243+0000] {taskinstance.py:341} INFO - ::group::Post task execution logs
[2025-05-02T06:28:17.243+0000] {taskinstance.py:353} INFO - Marking task as SUCCESS. dag_id=fix_permissions_dag, task_id=fix_permissions, run_id=manual__2025-05-02T06:28:16.346431+00:00, execution_date=20250502T062816, start_date=20250502T062817, end_date=20250502T062817
[2025-05-02T06:28:17.266+0000] {local_task_job_runner.py:266} INFO - Task exited with return code 0
[2025-05-02T06:28:17.273+0000] {taskinstance.py:3901} INFO - 0 downstream tasks scheduled from follow-on schedule check
[2025-05-02T06:28:17.274+0000] {local_task_job_runner.py:245} INFO - ::endgroup::
