[2025-05-02T06:51:18.693+0000] {local_task_job_runner.py:123} INFO - ::group::Pre task execution logs
[2025-05-02T06:51:18.703+0000] {taskinstance.py:2614} INFO - Dependencies all met for dep_context=non-requeueable deps ti=<TaskInstance: fix_permissions_dag.fix_permissions manual__2025-05-02T06:51:17.560213+00:00 [queued]>
[2025-05-02T06:51:18.707+0000] {taskinstance.py:2614} INFO - Dependencies all met for dep_context=requeueable deps ti=<TaskInstance: fix_permissions_dag.fix_permissions manual__2025-05-02T06:51:17.560213+00:00 [queued]>
[2025-05-02T06:51:18.707+0000] {taskinstance.py:2867} INFO - Starting attempt 1 of 1
[2025-05-02T06:51:18.714+0000] {taskinstance.py:2890} INFO - Executing <Task(BashOperator): fix_permissions> on 2025-05-02 06:51:17.560213+00:00
[2025-05-02T06:51:18.718+0000] {warnings.py:112} WARNING - /home/airflow/.local/lib/python3.12/site-packages/airflow/task/task_runner/standard_task_runner.py:70: DeprecationWarning: This process (pid=455) is multi-threaded, use of fork() may lead to deadlocks in the child.
  pid = os.fork()

[2025-05-02T06:51:18.719+0000] {standard_task_runner.py:72} INFO - Started process 456 to run task
[2025-05-02T06:51:18.719+0000] {standard_task_runner.py:104} INFO - Running: ['airflow', 'tasks', 'run', 'fix_permissions_dag', 'fix_permissions', 'manual__2025-05-02T06:51:17.560213+00:00', '--job-id', '165', '--raw', '--subdir', 'DAGS_FOLDER/permission_fixer_dag.py', '--cfg-path', '/tmp/tmp3tgybcqo']
[2025-05-02T06:51:18.720+0000] {standard_task_runner.py:105} INFO - Job 165: Subtask fix_permissions
[2025-05-02T06:51:18.746+0000] {task_command.py:467} INFO - Running <TaskInstance: fix_permissions_dag.fix_permissions manual__2025-05-02T06:51:17.560213+00:00 [running]> on host c1ec3e63ea09
[2025-05-02T06:51:18.788+0000] {taskinstance.py:3134} INFO - Exporting env vars: AIRFLOW_CTX_DAG_OWNER='ian' AIRFLOW_CTX_DAG_ID='fix_permissions_dag' AIRFLOW_CTX_TASK_ID='fix_permissions' AIRFLOW_CTX_EXECUTION_DATE='2025-05-02T06:51:17.560213+00:00' AIRFLOW_CTX_TRY_NUMBER='1' AIRFLOW_CTX_DAG_RUN_ID='manual__2025-05-02T06:51:17.560213+00:00'
[2025-05-02T06:51:18.788+0000] {taskinstance.py:732} INFO - ::endgroup::
[2025-05-02T06:51:18.795+0000] {subprocess.py:78} INFO - Tmp dir root location: /tmp
[2025-05-02T06:51:18.795+0000] {subprocess.py:88} INFO - Running command: ['/usr/bin/bash', '-c', 'bash /opt/airflow/scripts/bash/permissions.sh ']
[2025-05-02T06:51:18.801+0000] {subprocess.py:99} INFO - Output:
[2025-05-02T06:51:18.830+0000] {subprocess.py:106} INFO - chmod: changing permissions of '/opt/airflow/nba_data': Operation not permitted
[2025-05-02T06:51:18.830+0000] {subprocess.py:106} INFO - chmod: changing permissions of '/opt/airflow/nba_data/season-logs': Operation not permitted
[2025-05-02T06:51:18.832+0000] {subprocess.py:106} INFO - chmod: changing permissions of '/opt/airflow/nba_data/season-logs/2023-24_Season': Operation not permitted
[2025-05-02T06:51:18.833+0000] {subprocess.py:106} INFO - chmod: changing permissions of '/opt/airflow/nba_data/gamelogs': Operation not permitted
[2025-05-02T06:51:18.834+0000] {subprocess.py:110} INFO - Command exited with return code 0
[2025-05-02T06:51:18.849+0000] {taskinstance.py:341} INFO - ::group::Post task execution logs
[2025-05-02T06:51:18.849+0000] {taskinstance.py:353} INFO - Marking task as SUCCESS. dag_id=fix_permissions_dag, task_id=fix_permissions, run_id=manual__2025-05-02T06:51:17.560213+00:00, execution_date=20250502T065117, start_date=20250502T065118, end_date=20250502T065118
[2025-05-02T06:51:18.893+0000] {local_task_job_runner.py:266} INFO - Task exited with return code 0
[2025-05-02T06:51:18.902+0000] {taskinstance.py:3901} INFO - 0 downstream tasks scheduled from follow-on schedule check
[2025-05-02T06:51:18.903+0000] {local_task_job_runner.py:245} INFO - ::endgroup::
