[2025-05-02T02:19:51.036+0000] {local_task_job_runner.py:123} INFO - ::group::Pre task execution logs
[2025-05-02T02:19:51.045+0000] {taskinstance.py:2614} INFO - Dependencies all met for dep_context=non-requeueable deps ti=<TaskInstance: news_dag.scrape_nba_news manual__2025-05-02T02:19:49.950750+00:00 [queued]>
[2025-05-02T02:19:51.048+0000] {taskinstance.py:2614} INFO - Dependencies all met for dep_context=requeueable deps ti=<TaskInstance: news_dag.scrape_nba_news manual__2025-05-02T02:19:49.950750+00:00 [queued]>
[2025-05-02T02:19:51.049+0000] {taskinstance.py:2867} INFO - Starting attempt 1 of 2
[2025-05-02T02:19:51.056+0000] {taskinstance.py:2890} INFO - Executing <Task(PythonOperator): scrape_nba_news> on 2025-05-02 02:19:49.950750+00:00
[2025-05-02T02:19:51.059+0000] {warnings.py:112} WARNING - /home/airflow/.local/lib/python3.12/site-packages/airflow/task/task_runner/standard_task_runner.py:70: DeprecationWarning: This process (pid=433) is multi-threaded, use of fork() may lead to deadlocks in the child.
  pid = os.fork()

[2025-05-02T02:19:51.059+0000] {standard_task_runner.py:72} INFO - Started process 434 to run task
[2025-05-02T02:19:51.060+0000] {standard_task_runner.py:104} INFO - Running: ['airflow', 'tasks', 'run', 'news_dag', 'scrape_nba_news', 'manual__2025-05-02T02:19:49.950750+00:00', '--job-id', '109', '--raw', '--subdir', 'DAGS_FOLDER/wordcount_dag.py', '--cfg-path', '/tmp/tmpjqx8ewff']
[2025-05-02T02:19:51.061+0000] {standard_task_runner.py:105} INFO - Job 109: Subtask scrape_nba_news
[2025-05-02T02:19:51.082+0000] {task_command.py:467} INFO - Running <TaskInstance: news_dag.scrape_nba_news manual__2025-05-02T02:19:49.950750+00:00 [running]> on host f0caff8692e9
[2025-05-02T02:19:51.116+0000] {taskinstance.py:3134} INFO - Exporting env vars: AIRFLOW_CTX_DAG_OWNER='ian' AIRFLOW_CTX_DAG_ID='news_dag' AIRFLOW_CTX_TASK_ID='scrape_nba_news' AIRFLOW_CTX_EXECUTION_DATE='2025-05-02T02:19:49.950750+00:00' AIRFLOW_CTX_TRY_NUMBER='1' AIRFLOW_CTX_DAG_RUN_ID='manual__2025-05-02T02:19:49.950750+00:00'
[2025-05-02T02:19:51.116+0000] {taskinstance.py:732} INFO - ::endgroup::
[2025-05-02T02:19:51.862+0000] {logging_mixin.py:190} INFO - Article saved to /opt/airflow/nba_data/news-logs/nba_news_20250502.txt
[2025-05-02T02:19:51.862+0000] {python.py:240} INFO - Done. Returned value was: None
[2025-05-02T02:19:51.867+0000] {taskinstance.py:341} INFO - ::group::Post task execution logs
[2025-05-02T02:19:51.867+0000] {taskinstance.py:353} INFO - Marking task as SUCCESS. dag_id=news_dag, task_id=scrape_nba_news, run_id=manual__2025-05-02T02:19:49.950750+00:00, execution_date=20250502T021949, start_date=20250502T021951, end_date=20250502T021951
[2025-05-02T02:19:51.904+0000] {local_task_job_runner.py:266} INFO - Task exited with return code 0
[2025-05-02T02:19:51.916+0000] {taskinstance.py:3901} INFO - 1 downstream tasks scheduled from follow-on schedule check
[2025-05-02T02:19:51.917+0000] {local_task_job_runner.py:245} INFO - ::endgroup::
