[2025-05-02T06:27:39.182+0000] {local_task_job_runner.py:123} INFO - ::group::Pre task execution logs
[2025-05-02T06:27:39.192+0000] {taskinstance.py:2614} INFO - Dependencies all met for dep_context=non-requeueable deps ti=<TaskInstance: gamelog_dag.run_data_fetcher manual__2025-05-02T06:27:38.532680+00:00 [queued]>
[2025-05-02T06:27:39.196+0000] {taskinstance.py:2614} INFO - Dependencies all met for dep_context=requeueable deps ti=<TaskInstance: gamelog_dag.run_data_fetcher manual__2025-05-02T06:27:38.532680+00:00 [queued]>
[2025-05-02T06:27:39.196+0000] {taskinstance.py:2867} INFO - Starting attempt 1 of 2
[2025-05-02T06:27:39.202+0000] {taskinstance.py:2890} INFO - Executing <Task(PythonOperator): run_data_fetcher> on 2025-05-02 06:27:38.532680+00:00
[2025-05-02T06:27:39.207+0000] {warnings.py:112} WARNING - /home/airflow/.local/lib/python3.12/site-packages/airflow/task/task_runner/standard_task_runner.py:70: DeprecationWarning: This process (pid=213) is multi-threaded, use of fork() may lead to deadlocks in the child.
  pid = os.fork()

[2025-05-02T06:27:39.207+0000] {standard_task_runner.py:72} INFO - Started process 214 to run task
[2025-05-02T06:27:39.208+0000] {standard_task_runner.py:104} INFO - Running: ['airflow', 'tasks', 'run', 'gamelog_dag', 'run_data_fetcher', 'manual__2025-05-02T06:27:38.532680+00:00', '--job-id', '153', '--raw', '--subdir', 'DAGS_FOLDER/player_data_fetcher_dag.py', '--cfg-path', '/tmp/tmp8ay40o0v']
[2025-05-02T06:27:39.210+0000] {standard_task_runner.py:105} INFO - Job 153: Subtask run_data_fetcher
[2025-05-02T06:27:39.233+0000] {task_command.py:467} INFO - Running <TaskInstance: gamelog_dag.run_data_fetcher manual__2025-05-02T06:27:38.532680+00:00 [running]> on host c1ec3e63ea09
[2025-05-02T06:27:39.275+0000] {taskinstance.py:3134} INFO - Exporting env vars: AIRFLOW_CTX_DAG_OWNER='ian' AIRFLOW_CTX_DAG_ID='gamelog_dag' AIRFLOW_CTX_TASK_ID='run_data_fetcher' AIRFLOW_CTX_EXECUTION_DATE='2025-05-02T06:27:38.532680+00:00' AIRFLOW_CTX_TRY_NUMBER='1' AIRFLOW_CTX_DAG_RUN_ID='manual__2025-05-02T06:27:38.532680+00:00'
[2025-05-02T06:27:39.276+0000] {taskinstance.py:732} INFO - ::endgroup::
[2025-05-02T06:27:39.284+0000] {fetch_season_logs.py:17} INFO - Fetching season 2003-04, attempt 1
[2025-05-02T06:27:39.397+0000] {fetch_season_logs.py:41} INFO - Saved: /opt/airflow/nba_data/gamelogs/2003-04_Season.csv
[2025-05-02T06:27:40.899+0000] {fetch_season_logs.py:17} INFO - Fetching season 2004-05, attempt 1
[2025-05-02T06:27:40.945+0000] {fetch_season_logs.py:41} INFO - Saved: /opt/airflow/nba_data/gamelogs/2004-05_Season.csv
[2025-05-02T06:27:42.446+0000] {fetch_season_logs.py:17} INFO - Fetching season 2005-06, attempt 1
[2025-05-02T06:27:42.489+0000] {fetch_season_logs.py:41} INFO - Saved: /opt/airflow/nba_data/gamelogs/2005-06_Season.csv
[2025-05-02T06:27:43.990+0000] {fetch_season_logs.py:17} INFO - Fetching season 2006-07, attempt 1
[2025-05-02T06:27:44.062+0000] {fetch_season_logs.py:41} INFO - Saved: /opt/airflow/nba_data/gamelogs/2006-07_Season.csv
[2025-05-02T06:27:45.566+0000] {fetch_season_logs.py:17} INFO - Fetching season 2007-08, attempt 1
[2025-05-02T06:27:45.611+0000] {fetch_season_logs.py:41} INFO - Saved: /opt/airflow/nba_data/gamelogs/2007-08_Season.csv
[2025-05-02T06:27:47.113+0000] {fetch_season_logs.py:17} INFO - Fetching season 2008-09, attempt 1
[2025-05-02T06:27:47.164+0000] {fetch_season_logs.py:41} INFO - Saved: /opt/airflow/nba_data/gamelogs/2008-09_Season.csv
[2025-05-02T06:27:48.665+0000] {fetch_season_logs.py:17} INFO - Fetching season 2009-10, attempt 1
[2025-05-02T06:27:48.716+0000] {fetch_season_logs.py:41} INFO - Saved: /opt/airflow/nba_data/gamelogs/2009-10_Season.csv
[2025-05-02T06:27:50.216+0000] {fetch_season_logs.py:17} INFO - Fetching season 2010-11, attempt 1
[2025-05-02T06:27:50.280+0000] {fetch_season_logs.py:41} INFO - Saved: /opt/airflow/nba_data/gamelogs/2010-11_Season.csv
[2025-05-02T06:27:51.784+0000] {fetch_season_logs.py:17} INFO - Fetching season 2011-12, attempt 1
[2025-05-02T06:27:51.842+0000] {fetch_season_logs.py:41} INFO - Saved: /opt/airflow/nba_data/gamelogs/2011-12_Season.csv
[2025-05-02T06:27:53.342+0000] {fetch_season_logs.py:17} INFO - Fetching season 2012-13, attempt 1
[2025-05-02T06:27:53.389+0000] {fetch_season_logs.py:41} INFO - Saved: /opt/airflow/nba_data/gamelogs/2012-13_Season.csv
[2025-05-02T06:27:54.890+0000] {fetch_season_logs.py:17} INFO - Fetching season 2013-14, attempt 1
[2025-05-02T06:27:54.939+0000] {fetch_season_logs.py:41} INFO - Saved: /opt/airflow/nba_data/gamelogs/2013-14_Season.csv
[2025-05-02T06:27:56.444+0000] {fetch_season_logs.py:17} INFO - Fetching season 2014-15, attempt 1
[2025-05-02T06:27:56.750+0000] {fetch_season_logs.py:41} INFO - Saved: /opt/airflow/nba_data/gamelogs/2014-15_Season.csv
[2025-05-02T06:27:58.253+0000] {fetch_season_logs.py:17} INFO - Fetching season 2015-16, attempt 1
[2025-05-02T06:27:58.447+0000] {fetch_season_logs.py:41} INFO - Saved: /opt/airflow/nba_data/gamelogs/2015-16_Season.csv
[2025-05-02T06:27:59.947+0000] {fetch_season_logs.py:17} INFO - Fetching season 2016-17, attempt 1
[2025-05-02T06:28:00.269+0000] {fetch_season_logs.py:41} INFO - Saved: /opt/airflow/nba_data/gamelogs/2016-17_Season.csv
[2025-05-02T06:28:01.772+0000] {fetch_season_logs.py:17} INFO - Fetching season 2017-18, attempt 1
[2025-05-02T06:28:02.110+0000] {fetch_season_logs.py:41} INFO - Saved: /opt/airflow/nba_data/gamelogs/2017-18_Season.csv
[2025-05-02T06:28:03.610+0000] {fetch_season_logs.py:17} INFO - Fetching season 2018-19, attempt 1
[2025-05-02T06:28:03.756+0000] {fetch_season_logs.py:41} INFO - Saved: /opt/airflow/nba_data/gamelogs/2018-19_Season.csv
[2025-05-02T06:28:05.260+0000] {fetch_season_logs.py:17} INFO - Fetching season 2019-20, attempt 1
[2025-05-02T06:28:05.473+0000] {fetch_season_logs.py:41} INFO - Saved: /opt/airflow/nba_data/gamelogs/2019-20_Season.csv
[2025-05-02T06:28:06.974+0000] {fetch_season_logs.py:17} INFO - Fetching season 2020-21, attempt 1
[2025-05-02T06:28:07.199+0000] {fetch_season_logs.py:41} INFO - Saved: /opt/airflow/nba_data/gamelogs/2020-21_Season.csv
[2025-05-02T06:28:08.704+0000] {fetch_season_logs.py:17} INFO - Fetching season 2021-22, attempt 1
[2025-05-02T06:28:08.863+0000] {fetch_season_logs.py:41} INFO - Saved: /opt/airflow/nba_data/gamelogs/2021-22_Season.csv
[2025-05-02T06:28:10.364+0000] {fetch_season_logs.py:17} INFO - Fetching season 2022-23, attempt 1
[2025-05-02T06:28:10.544+0000] {fetch_season_logs.py:41} INFO - Saved: /opt/airflow/nba_data/gamelogs/2022-23_Season.csv
[2025-05-02T06:28:12.044+0000] {fetch_season_logs.py:17} INFO - Fetching season 2023-24, attempt 1
[2025-05-02T06:28:12.148+0000] {fetch_season_logs.py:41} INFO - Saved: /opt/airflow/nba_data/gamelogs/2023-24_Season.csv
[2025-05-02T06:28:13.649+0000] {fetch_season_logs.py:17} INFO - Fetching season 2024-25, attempt 1
[2025-05-02T06:28:13.743+0000] {fetch_season_logs.py:41} INFO - Saved: /opt/airflow/nba_data/gamelogs/2024-25_Season.csv
[2025-05-02T06:28:15.248+0000] {python.py:240} INFO - Done. Returned value was: None
[2025-05-02T06:28:15.254+0000] {taskinstance.py:341} INFO - ::group::Post task execution logs
[2025-05-02T06:28:15.254+0000] {taskinstance.py:353} INFO - Marking task as SUCCESS. dag_id=gamelog_dag, task_id=run_data_fetcher, run_id=manual__2025-05-02T06:27:38.532680+00:00, execution_date=20250502T062738, start_date=20250502T062739, end_date=20250502T062815
[2025-05-02T06:28:15.284+0000] {local_task_job_runner.py:266} INFO - Task exited with return code 0
[2025-05-02T06:28:15.295+0000] {taskinstance.py:3901} INFO - 1 downstream tasks scheduled from follow-on schedule check
[2025-05-02T06:28:15.296+0000] {local_task_job_runner.py:245} INFO - ::endgroup::
