[2025-05-02T21:24:44.603+0000] {local_task_job_runner.py:123} INFO - ::group::Pre task execution logs
[2025-05-02T21:24:44.611+0000] {taskinstance.py:2614} INFO - Dependencies all met for dep_context=non-requeueable deps ti=<TaskInstance: nba_stats_dag.create_table manual__2025-05-02T21:24:44.258081+00:00 [queued]>
[2025-05-02T21:24:44.615+0000] {taskinstance.py:2614} INFO - Dependencies all met for dep_context=requeueable deps ti=<TaskInstance: nba_stats_dag.create_table manual__2025-05-02T21:24:44.258081+00:00 [queued]>
[2025-05-02T21:24:44.615+0000] {taskinstance.py:2867} INFO - Starting attempt 1 of 2
[2025-05-02T21:24:44.622+0000] {taskinstance.py:2890} INFO - Executing <Task(SQLExecuteQueryOperator): create_table> on 2025-05-02 21:24:44.258081+00:00
[2025-05-02T21:24:44.625+0000] {warnings.py:112} WARNING - /home/airflow/.local/lib/python3.12/site-packages/airflow/task/task_runner/standard_task_runner.py:70: DeprecationWarning: This process (pid=57) is multi-threaded, use of fork() may lead to deadlocks in the child.
  pid = os.fork()

[2025-05-02T21:24:44.626+0000] {standard_task_runner.py:72} INFO - Started process 58 to run task
[2025-05-02T21:24:44.626+0000] {standard_task_runner.py:104} INFO - Running: ['airflow', 'tasks', 'run', 'nba_stats_dag', 'create_table', 'manual__2025-05-02T21:24:44.258081+00:00', '--job-id', '187', '--raw', '--subdir', 'DAGS_FOLDER/pergame_stats_dag.py', '--cfg-path', '/tmp/tmpdtvfws__']
[2025-05-02T21:24:44.627+0000] {standard_task_runner.py:105} INFO - Job 187: Subtask create_table
[2025-05-02T21:24:44.652+0000] {task_command.py:467} INFO - Running <TaskInstance: nba_stats_dag.create_table manual__2025-05-02T21:24:44.258081+00:00 [running]> on host 380e61014dc5
[2025-05-02T21:24:44.693+0000] {taskinstance.py:3134} INFO - Exporting env vars: AIRFLOW_CTX_DAG_OWNER='ian' AIRFLOW_CTX_DAG_ID='nba_stats_dag' AIRFLOW_CTX_TASK_ID='create_table' AIRFLOW_CTX_EXECUTION_DATE='2025-05-02T21:24:44.258081+00:00' AIRFLOW_CTX_TRY_NUMBER='1' AIRFLOW_CTX_DAG_RUN_ID='manual__2025-05-02T21:24:44.258081+00:00'
[2025-05-02T21:24:44.693+0000] {taskinstance.py:732} INFO - ::endgroup::
[2025-05-02T21:24:44.699+0000] {sql.py:295} INFO - Executing: 
    CREATE TABLE IF NOT EXISTS weekly_nba_wordcount (
        season VARCHAR(255),
        ppg FLOAT,
        rpg FLOAT,
        apg FLOAT,
        spg FLOAT,
        bpg FLOAT,
        "3pt_pct" FLOAT
    );
    
[2025-05-02T21:24:44.705+0000] {base.py:84} INFO - Retrieving connection 'postgres_bigdata'
[2025-05-02T21:24:44.719+0000] {base.py:84} INFO - Retrieving connection 'postgres_bigdata'
[2025-05-02T21:24:44.723+0000] {sql.py:511} INFO - Running statement: 
    CREATE TABLE IF NOT EXISTS weekly_nba_wordcount (
        season VARCHAR(255),
        ppg FLOAT,
        rpg FLOAT,
        apg FLOAT,
        spg FLOAT,
        bpg FLOAT,
        "3pt_pct" FLOAT
    );
    , parameters: None
[2025-05-02T21:24:44.725+0000] {warnings.py:112} WARNING - /home/airflow/.local/lib/python3.12/site-packages/airflow/providers/common/sql/hooks/sql.py:470: DeprecationWarning: Import of fetch_all_handler from the 'airflow.providers.common.sql.hooks' module is deprecated and will
be removed in the future. Please import it from 'airflow.providers.common.sql.hooks.handlers'.
  result = self._make_common_data_structure(handler(cur))

[2025-05-02T21:24:44.727+0000] {warnings.py:112} WARNING - /home/airflow/.local/lib/python3.12/site-packages/airflow/providers/common/sql/hooks/sql.py:471: DeprecationWarning: Import of return_single_query_results from the 'airflow.providers.common.sql.hooks' module is deprecated and will
be removed in the future. Please import it from 'airflow.providers.common.sql.hooks.handlers'.
  if return_single_query_results(sql, return_last, split_statements):

[2025-05-02T21:24:44.727+0000] {warnings.py:112} WARNING - /home/airflow/.local/lib/python3.12/site-packages/airflow/providers/common/sql/hooks/sql.py:486: DeprecationWarning: Import of return_single_query_results from the 'airflow.providers.common.sql.hooks' module is deprecated and will
be removed in the future. Please import it from 'airflow.providers.common.sql.hooks.handlers'.
  if return_single_query_results(sql, return_last, split_statements):

[2025-05-02T21:24:44.728+0000] {warnings.py:112} WARNING - /home/airflow/.local/lib/python3.12/site-packages/airflow/providers/common/sql/operators/sql.py:311: DeprecationWarning: Import of return_single_query_results from the 'airflow.providers.common.sql.hooks' module is deprecated and will
be removed in the future. Please import it from 'airflow.providers.common.sql.hooks.handlers'.
  if return_single_query_results(self.sql, self.return_last, self.split_statements):

[2025-05-02T21:24:44.734+0000] {taskinstance.py:341} INFO - ::group::Post task execution logs
[2025-05-02T21:24:44.734+0000] {taskinstance.py:353} INFO - Marking task as SUCCESS. dag_id=nba_stats_dag, task_id=create_table, run_id=manual__2025-05-02T21:24:44.258081+00:00, execution_date=20250502T212444, start_date=20250502T212444, end_date=20250502T212444
[2025-05-02T21:24:44.763+0000] {local_task_job_runner.py:266} INFO - Task exited with return code 0
[2025-05-02T21:24:44.779+0000] {taskinstance.py:3901} INFO - 1 downstream tasks scheduled from follow-on schedule check
[2025-05-02T21:24:44.780+0000] {local_task_job_runner.py:245} INFO - ::endgroup::
