[2025-05-02T21:34:40.744+0000] {local_task_job_runner.py:123} INFO - ::group::Pre task execution logs
[2025-05-02T21:34:40.756+0000] {taskinstance.py:2614} INFO - Dependencies all met for dep_context=non-requeueable deps ti=<TaskInstance: nba_stats_dag.run_spark_nba_stats manual__2025-05-02T21:34:39.108003+00:00 [queued]>
[2025-05-02T21:34:40.762+0000] {taskinstance.py:2614} INFO - Dependencies all met for dep_context=requeueable deps ti=<TaskInstance: nba_stats_dag.run_spark_nba_stats manual__2025-05-02T21:34:39.108003+00:00 [queued]>
[2025-05-02T21:34:40.762+0000] {taskinstance.py:2867} INFO - Starting attempt 1 of 2
[2025-05-02T21:34:40.769+0000] {taskinstance.py:2890} INFO - Executing <Task(PythonOperator): run_spark_nba_stats> on 2025-05-02 21:34:39.108003+00:00
[2025-05-02T21:34:40.773+0000] {warnings.py:112} WARNING - /home/airflow/.local/lib/python3.12/site-packages/airflow/task/task_runner/standard_task_runner.py:70: DeprecationWarning: This process (pid=684) is multi-threaded, use of fork() may lead to deadlocks in the child.
  pid = os.fork()

[2025-05-02T21:34:40.773+0000] {standard_task_runner.py:72} INFO - Started process 685 to run task
[2025-05-02T21:34:40.774+0000] {standard_task_runner.py:104} INFO - Running: ['airflow', 'tasks', 'run', 'nba_stats_dag', 'run_spark_nba_stats', 'manual__2025-05-02T21:34:39.108003+00:00', '--job-id', '192', '--raw', '--subdir', 'DAGS_FOLDER/pergame_stats_dag.py', '--cfg-path', '/tmp/tmp07pn_2t4']
[2025-05-02T21:34:40.775+0000] {standard_task_runner.py:105} INFO - Job 192: Subtask run_spark_nba_stats
[2025-05-02T21:34:40.804+0000] {task_command.py:467} INFO - Running <TaskInstance: nba_stats_dag.run_spark_nba_stats manual__2025-05-02T21:34:39.108003+00:00 [running]> on host 380e61014dc5
[2025-05-02T21:34:40.843+0000] {taskinstance.py:3134} INFO - Exporting env vars: AIRFLOW_CTX_DAG_OWNER='ian' AIRFLOW_CTX_DAG_ID='nba_stats_dag' AIRFLOW_CTX_TASK_ID='run_spark_nba_stats' AIRFLOW_CTX_EXECUTION_DATE='2025-05-02T21:34:39.108003+00:00' AIRFLOW_CTX_TRY_NUMBER='1' AIRFLOW_CTX_DAG_RUN_ID='manual__2025-05-02T21:34:39.108003+00:00'
[2025-05-02T21:34:40.843+0000] {taskinstance.py:732} INFO - ::endgroup::
[2025-05-02T21:34:46.384+0000] {taskinstance.py:3313} ERROR - Task failed with exception
Traceback (most recent call last):
  File "/home/airflow/.local/lib/python3.12/site-packages/airflow/models/taskinstance.py", line 768, in _execute_task
    result = _execute_callable(context=context, **execute_callable_kwargs)
             ^^^^^^^^^^^^^^^^^^^^^^^^^^^^^^^^^^^^^^^^^^^^^^^^^^^^^^^^^^^^^
  File "/home/airflow/.local/lib/python3.12/site-packages/airflow/models/taskinstance.py", line 734, in _execute_callable
    return ExecutionCallableRunner(
           ^^^^^^^^^^^^^^^^^^^^^^^^
  File "/home/airflow/.local/lib/python3.12/site-packages/airflow/utils/operator_helpers.py", line 252, in run
    return self.func(*args, **kwargs)
           ^^^^^^^^^^^^^^^^^^^^^^^^^^
  File "/home/airflow/.local/lib/python3.12/site-packages/airflow/models/baseoperator.py", line 424, in wrapper
    return func(self, *args, **kwargs)
           ^^^^^^^^^^^^^^^^^^^^^^^^^^^
  File "/home/airflow/.local/lib/python3.12/site-packages/airflow/operators/python.py", line 238, in execute
    return_value = self.execute_callable()
                   ^^^^^^^^^^^^^^^^^^^^^^^
  File "/home/airflow/.local/lib/python3.12/site-packages/airflow/operators/python.py", line 256, in execute_callable
    return runner.run(*self.op_args, **self.op_kwargs)
           ^^^^^^^^^^^^^^^^^^^^^^^^^^^^^^^^^^^^^^^^^^^
  File "/home/airflow/.local/lib/python3.12/site-packages/airflow/utils/operator_helpers.py", line 252, in run
    return self.func(*args, **kwargs)
           ^^^^^^^^^^^^^^^^^^^^^^^^^^
  File "/opt/airflow/scripts/python/spark/pergame_stats_spark.py", line 63, in pergame_stats
    .toDF(["season", "ppg", "rpg", "apg", "spg", "bpg", "3pt_pct"])
     ^^^^^^^^^^^^^^^^^^^^^^^^^^^^^^^^^^^^^^^^^^^^^^^^^^^^^^^^^^^^^^
  File "/home/airflow/.local/lib/python3.12/site-packages/pyspark/sql/session.py", line 122, in toDF
    return sparkSession.createDataFrame(self, schema, sampleRatio)
           ^^^^^^^^^^^^^^^^^^^^^^^^^^^^^^^^^^^^^^^^^^^^^^^^^^^^^^^
  File "/home/airflow/.local/lib/python3.12/site-packages/pyspark/sql/session.py", line 1443, in createDataFrame
    return self._create_dataframe(
           ^^^^^^^^^^^^^^^^^^^^^^^
  File "/home/airflow/.local/lib/python3.12/site-packages/pyspark/sql/session.py", line 1483, in _create_dataframe
    rdd, struct = self._createFromRDD(data.map(prepare), schema, samplingRatio)
                  ^^^^^^^^^^^^^^^^^^^^^^^^^^^^^^^^^^^^^^^^^^^^^^^^^^^^^^^^^^^^^
  File "/home/airflow/.local/lib/python3.12/site-packages/pyspark/sql/session.py", line 1056, in _createFromRDD
    struct = self._inferSchema(rdd, samplingRatio, names=schema)
             ^^^^^^^^^^^^^^^^^^^^^^^^^^^^^^^^^^^^^^^^^^^^^^^^^^^
  File "/home/airflow/.local/lib/python3.12/site-packages/pyspark/sql/session.py", line 996, in _inferSchema
    first = rdd.first()
            ^^^^^^^^^^^
  File "/home/airflow/.local/lib/python3.12/site-packages/pyspark/rdd.py", line 2888, in first
    rs = self.take(1)
         ^^^^^^^^^^^^
  File "/home/airflow/.local/lib/python3.12/site-packages/pyspark/rdd.py", line 2855, in take
    res = self.context.runJob(self, takeUpToNumLeft, p)
          ^^^^^^^^^^^^^^^^^^^^^^^^^^^^^^^^^^^^^^^^^^^^^
  File "/home/airflow/.local/lib/python3.12/site-packages/pyspark/context.py", line 2510, in runJob
    sock_info = self._jvm.PythonRDD.runJob(self._jsc.sc(), mappedRDD._jrdd, partitions)
                ^^^^^^^^^^^^^^^^^^^^^^^^^^^^^^^^^^^^^^^^^^^^^^^^^^^^^^^^^^^^^^^^^^^^^^^
  File "/home/airflow/.local/lib/python3.12/site-packages/py4j/java_gateway.py", line 1322, in __call__
    return_value = get_return_value(
                   ^^^^^^^^^^^^^^^^^
  File "/home/airflow/.local/lib/python3.12/site-packages/pyspark/errors/exceptions/captured.py", line 179, in deco
    return f(*a, **kw)
           ^^^^^^^^^^^
  File "/home/airflow/.local/lib/python3.12/site-packages/py4j/protocol.py", line 326, in get_return_value
    raise Py4JJavaError(
py4j.protocol.Py4JJavaError: An error occurred while calling z:org.apache.spark.api.python.PythonRDD.runJob.
: org.apache.spark.SparkException: Job aborted due to stage failure: Task 0 in stage 7.0 failed 1 times, most recent failure: Lost task 0.0 in stage 7.0 (TID 34) (380e61014dc5 executor driver): org.apache.spark.api.python.PythonException: Traceback (most recent call last):
  File "/home/airflow/.local/lib/python3.12/site-packages/pyspark/python/lib/pyspark.zip/pyspark/worker.py", line 1247, in main
    process()
  File "/home/airflow/.local/lib/python3.12/site-packages/pyspark/python/lib/pyspark.zip/pyspark/worker.py", line 1239, in process
    serializer.dump_stream(out_iter, outfile)
  File "/home/airflow/.local/lib/python3.12/site-packages/pyspark/python/lib/pyspark.zip/pyspark/serializers.py", line 274, in dump_stream
    vs = list(itertools.islice(iterator, batch))
         ^^^^^^^^^^^^^^^^^^^^^^^^^^^^^^^^^^^^^^^
  File "/home/airflow/.local/lib/python3.12/site-packages/pyspark/rdd.py", line 2849, in takeUpToNumLeft
    yield next(iterator)
          ^^^^^^^^^^^^^^
  File "/home/airflow/.local/lib/python3.12/site-packages/pyspark/python/lib/pyspark.zip/pyspark/util.py", line 83, in wrapper
    return f(*args, **kwargs)
           ^^^^^^^^^^^^^^^^^^
  File "/home/airflow/.local/lib/python3.12/site-packages/pyspark/rdd.py", line 4260, in map_values_fn
    return kv[0], f(kv[1])
                  ^^^^^^^^
  File "/opt/airflow/scripts/python/spark/pergame_stats_spark.py", line 54, in <lambda>
    "career_ppg": vals[0] / total_games,  # Total points / total games
                  ~~~~~~~~^~~~~~~~~~~~~
TypeError: unsupported operand type(s) for /: 'float' and 'tuple'

	at org.apache.spark.api.python.BasePythonRunner$ReaderIterator.handlePythonException(PythonRunner.scala:572)
	at org.apache.spark.api.python.PythonRunner$$anon$3.read(PythonRunner.scala:784)
	at org.apache.spark.api.python.PythonRunner$$anon$3.read(PythonRunner.scala:766)
	at org.apache.spark.api.python.BasePythonRunner$ReaderIterator.hasNext(PythonRunner.scala:525)
	at org.apache.spark.InterruptibleIterator.hasNext(InterruptibleIterator.scala:37)
	at scala.collection.Iterator.foreach(Iterator.scala:943)
	at scala.collection.Iterator.foreach$(Iterator.scala:943)
	at org.apache.spark.InterruptibleIterator.foreach(InterruptibleIterator.scala:28)
	at scala.collection.generic.Growable.$plus$plus$eq(Growable.scala:62)
	at scala.collection.generic.Growable.$plus$plus$eq$(Growable.scala:53)
	at scala.collection.mutable.ArrayBuffer.$plus$plus$eq(ArrayBuffer.scala:105)
	at scala.collection.mutable.ArrayBuffer.$plus$plus$eq(ArrayBuffer.scala:49)
	at scala.collection.TraversableOnce.to(TraversableOnce.scala:366)
	at scala.collection.TraversableOnce.to$(TraversableOnce.scala:364)
	at org.apache.spark.InterruptibleIterator.to(InterruptibleIterator.scala:28)
	at scala.collection.TraversableOnce.toBuffer(TraversableOnce.scala:358)
	at scala.collection.TraversableOnce.toBuffer$(TraversableOnce.scala:358)
	at org.apache.spark.InterruptibleIterator.toBuffer(InterruptibleIterator.scala:28)
	at scala.collection.TraversableOnce.toArray(TraversableOnce.scala:345)
	at scala.collection.TraversableOnce.toArray$(TraversableOnce.scala:339)
	at org.apache.spark.InterruptibleIterator.toArray(InterruptibleIterator.scala:28)
	at org.apache.spark.api.python.PythonRDD$.$anonfun$runJob$1(PythonRDD.scala:181)
	at org.apache.spark.SparkContext.$anonfun$runJob$5(SparkContext.scala:2433)
	at org.apache.spark.scheduler.ResultTask.runTask(ResultTask.scala:93)
	at org.apache.spark.TaskContext.runTaskWithListeners(TaskContext.scala:166)
	at org.apache.spark.scheduler.Task.run(Task.scala:141)
	at org.apache.spark.executor.Executor$TaskRunner.$anonfun$run$4(Executor.scala:620)
	at org.apache.spark.util.SparkErrorUtils.tryWithSafeFinally(SparkErrorUtils.scala:64)
	at org.apache.spark.util.SparkErrorUtils.tryWithSafeFinally$(SparkErrorUtils.scala:61)
	at org.apache.spark.util.Utils$.tryWithSafeFinally(Utils.scala:94)
	at org.apache.spark.executor.Executor$TaskRunner.run(Executor.scala:623)
	at java.base/java.util.concurrent.ThreadPoolExecutor.runWorker(ThreadPoolExecutor.java:1128)
	at java.base/java.util.concurrent.ThreadPoolExecutor$Worker.run(ThreadPoolExecutor.java:628)
	at java.base/java.lang.Thread.run(Thread.java:829)

Driver stacktrace:
	at org.apache.spark.scheduler.DAGScheduler.failJobAndIndependentStages(DAGScheduler.scala:2856)
	at org.apache.spark.scheduler.DAGScheduler.$anonfun$abortStage$2(DAGScheduler.scala:2792)
	at org.apache.spark.scheduler.DAGScheduler.$anonfun$abortStage$2$adapted(DAGScheduler.scala:2791)
	at scala.collection.mutable.ResizableArray.foreach(ResizableArray.scala:62)
	at scala.collection.mutable.ResizableArray.foreach$(ResizableArray.scala:55)
	at scala.collection.mutable.ArrayBuffer.foreach(ArrayBuffer.scala:49)
	at org.apache.spark.scheduler.DAGScheduler.abortStage(DAGScheduler.scala:2791)
	at org.apache.spark.scheduler.DAGScheduler.$anonfun$handleTaskSetFailed$1(DAGScheduler.scala:1247)
	at org.apache.spark.scheduler.DAGScheduler.$anonfun$handleTaskSetFailed$1$adapted(DAGScheduler.scala:1247)
	at scala.Option.foreach(Option.scala:407)
	at org.apache.spark.scheduler.DAGScheduler.handleTaskSetFailed(DAGScheduler.scala:1247)
	at org.apache.spark.scheduler.DAGSchedulerEventProcessLoop.doOnReceive(DAGScheduler.scala:3060)
	at org.apache.spark.scheduler.DAGSchedulerEventProcessLoop.onReceive(DAGScheduler.scala:2994)
	at org.apache.spark.scheduler.DAGSchedulerEventProcessLoop.onReceive(DAGScheduler.scala:2983)
	at org.apache.spark.util.EventLoop$$anon$1.run(EventLoop.scala:49)
	at org.apache.spark.scheduler.DAGScheduler.runJob(DAGScheduler.scala:989)
	at org.apache.spark.SparkContext.runJob(SparkContext.scala:2393)
	at org.apache.spark.SparkContext.runJob(SparkContext.scala:2414)
	at org.apache.spark.SparkContext.runJob(SparkContext.scala:2433)
	at org.apache.spark.api.python.PythonRDD$.runJob(PythonRDD.scala:181)
	at org.apache.spark.api.python.PythonRDD.runJob(PythonRDD.scala)
	at java.base/jdk.internal.reflect.NativeMethodAccessorImpl.invoke0(Native Method)
	at java.base/jdk.internal.reflect.NativeMethodAccessorImpl.invoke(NativeMethodAccessorImpl.java:62)
	at java.base/jdk.internal.reflect.DelegatingMethodAccessorImpl.invoke(DelegatingMethodAccessorImpl.java:43)
	at java.base/java.lang.reflect.Method.invoke(Method.java:566)
	at py4j.reflection.MethodInvoker.invoke(MethodInvoker.java:244)
	at py4j.reflection.ReflectionEngine.invoke(ReflectionEngine.java:374)
	at py4j.Gateway.invoke(Gateway.java:282)
	at py4j.commands.AbstractCommand.invokeMethod(AbstractCommand.java:132)
	at py4j.commands.CallCommand.execute(CallCommand.java:79)
	at py4j.ClientServerConnection.waitForCommands(ClientServerConnection.java:182)
	at py4j.ClientServerConnection.run(ClientServerConnection.java:106)
	at java.base/java.lang.Thread.run(Thread.java:829)
Caused by: org.apache.spark.api.python.PythonException: Traceback (most recent call last):
  File "/home/airflow/.local/lib/python3.12/site-packages/pyspark/python/lib/pyspark.zip/pyspark/worker.py", line 1247, in main
    process()
  File "/home/airflow/.local/lib/python3.12/site-packages/pyspark/python/lib/pyspark.zip/pyspark/worker.py", line 1239, in process
    serializer.dump_stream(out_iter, outfile)
  File "/home/airflow/.local/lib/python3.12/site-packages/pyspark/python/lib/pyspark.zip/pyspark/serializers.py", line 274, in dump_stream
    vs = list(itertools.islice(iterator, batch))
         ^^^^^^^^^^^^^^^^^^^^^^^^^^^^^^^^^^^^^^^
  File "/home/airflow/.local/lib/python3.12/site-packages/pyspark/rdd.py", line 2849, in takeUpToNumLeft
    yield next(iterator)
          ^^^^^^^^^^^^^^
  File "/home/airflow/.local/lib/python3.12/site-packages/pyspark/python/lib/pyspark.zip/pyspark/util.py", line 83, in wrapper
    return f(*args, **kwargs)
           ^^^^^^^^^^^^^^^^^^
  File "/home/airflow/.local/lib/python3.12/site-packages/pyspark/rdd.py", line 4260, in map_values_fn
    return kv[0], f(kv[1])
                  ^^^^^^^^
  File "/opt/airflow/scripts/python/spark/pergame_stats_spark.py", line 54, in <lambda>
    "career_ppg": vals[0] / total_games,  # Total points / total games
                  ~~~~~~~~^~~~~~~~~~~~~
TypeError: unsupported operand type(s) for /: 'float' and 'tuple'

	at org.apache.spark.api.python.BasePythonRunner$ReaderIterator.handlePythonException(PythonRunner.scala:572)
	at org.apache.spark.api.python.PythonRunner$$anon$3.read(PythonRunner.scala:784)
	at org.apache.spark.api.python.PythonRunner$$anon$3.read(PythonRunner.scala:766)
	at org.apache.spark.api.python.BasePythonRunner$ReaderIterator.hasNext(PythonRunner.scala:525)
	at org.apache.spark.InterruptibleIterator.hasNext(InterruptibleIterator.scala:37)
	at scala.collection.Iterator.foreach(Iterator.scala:943)
	at scala.collection.Iterator.foreach$(Iterator.scala:943)
	at org.apache.spark.InterruptibleIterator.foreach(InterruptibleIterator.scala:28)
	at scala.collection.generic.Growable.$plus$plus$eq(Growable.scala:62)
	at scala.collection.generic.Growable.$plus$plus$eq$(Growable.scala:53)
	at scala.collection.mutable.ArrayBuffer.$plus$plus$eq(ArrayBuffer.scala:105)
	at scala.collection.mutable.ArrayBuffer.$plus$plus$eq(ArrayBuffer.scala:49)
	at scala.collection.TraversableOnce.to(TraversableOnce.scala:366)
	at scala.collection.TraversableOnce.to$(TraversableOnce.scala:364)
	at org.apache.spark.InterruptibleIterator.to(InterruptibleIterator.scala:28)
	at scala.collection.TraversableOnce.toBuffer(TraversableOnce.scala:358)
	at scala.collection.TraversableOnce.toBuffer$(TraversableOnce.scala:358)
	at org.apache.spark.InterruptibleIterator.toBuffer(InterruptibleIterator.scala:28)
	at scala.collection.TraversableOnce.toArray(TraversableOnce.scala:345)
	at scala.collection.TraversableOnce.toArray$(TraversableOnce.scala:339)
	at org.apache.spark.InterruptibleIterator.toArray(InterruptibleIterator.scala:28)
	at org.apache.spark.api.python.PythonRDD$.$anonfun$runJob$1(PythonRDD.scala:181)
	at org.apache.spark.SparkContext.$anonfun$runJob$5(SparkContext.scala:2433)
	at org.apache.spark.scheduler.ResultTask.runTask(ResultTask.scala:93)
	at org.apache.spark.TaskContext.runTaskWithListeners(TaskContext.scala:166)
	at org.apache.spark.scheduler.Task.run(Task.scala:141)
	at org.apache.spark.executor.Executor$TaskRunner.$anonfun$run$4(Executor.scala:620)
	at org.apache.spark.util.SparkErrorUtils.tryWithSafeFinally(SparkErrorUtils.scala:64)
	at org.apache.spark.util.SparkErrorUtils.tryWithSafeFinally$(SparkErrorUtils.scala:61)
	at org.apache.spark.util.Utils$.tryWithSafeFinally(Utils.scala:94)
	at org.apache.spark.executor.Executor$TaskRunner.run(Executor.scala:623)
	at java.base/java.util.concurrent.ThreadPoolExecutor.runWorker(ThreadPoolExecutor.java:1128)
	at java.base/java.util.concurrent.ThreadPoolExecutor$Worker.run(ThreadPoolExecutor.java:628)
	... 1 more

[2025-05-02T21:34:46.433+0000] {taskinstance.py:1226} INFO - Marking task as UP_FOR_RETRY. dag_id=nba_stats_dag, task_id=run_spark_nba_stats, run_id=manual__2025-05-02T21:34:39.108003+00:00, execution_date=20250502T213439, start_date=20250502T213440, end_date=20250502T213446
[2025-05-02T21:34:46.491+0000] {taskinstance.py:341} INFO - ::group::Post task execution logs
[2025-05-02T21:34:46.491+0000] {standard_task_runner.py:124} ERROR - Failed to execute job 192 for task run_spark_nba_stats (An error occurred while calling z:org.apache.spark.api.python.PythonRDD.runJob.
: org.apache.spark.SparkException: Job aborted due to stage failure: Task 0 in stage 7.0 failed 1 times, most recent failure: Lost task 0.0 in stage 7.0 (TID 34) (380e61014dc5 executor driver): org.apache.spark.api.python.PythonException: Traceback (most recent call last):
  File "/home/airflow/.local/lib/python3.12/site-packages/pyspark/python/lib/pyspark.zip/pyspark/worker.py", line 1247, in main
    process()
  File "/home/airflow/.local/lib/python3.12/site-packages/pyspark/python/lib/pyspark.zip/pyspark/worker.py", line 1239, in process
    serializer.dump_stream(out_iter, outfile)
  File "/home/airflow/.local/lib/python3.12/site-packages/pyspark/python/lib/pyspark.zip/pyspark/serializers.py", line 274, in dump_stream
    vs = list(itertools.islice(iterator, batch))
         ^^^^^^^^^^^^^^^^^^^^^^^^^^^^^^^^^^^^^^^
  File "/home/airflow/.local/lib/python3.12/site-packages/pyspark/rdd.py", line 2849, in takeUpToNumLeft
    yield next(iterator)
          ^^^^^^^^^^^^^^
  File "/home/airflow/.local/lib/python3.12/site-packages/pyspark/python/lib/pyspark.zip/pyspark/util.py", line 83, in wrapper
    return f(*args, **kwargs)
           ^^^^^^^^^^^^^^^^^^
  File "/home/airflow/.local/lib/python3.12/site-packages/pyspark/rdd.py", line 4260, in map_values_fn
    return kv[0], f(kv[1])
                  ^^^^^^^^
  File "/opt/airflow/scripts/python/spark/pergame_stats_spark.py", line 54, in <lambda>
    "career_ppg": vals[0] / total_games,  # Total points / total games
                  ~~~~~~~~^~~~~~~~~~~~~
TypeError: unsupported operand type(s) for /: 'float' and 'tuple'

	at org.apache.spark.api.python.BasePythonRunner$ReaderIterator.handlePythonException(PythonRunner.scala:572)
	at org.apache.spark.api.python.PythonRunner$$anon$3.read(PythonRunner.scala:784)
	at org.apache.spark.api.python.PythonRunner$$anon$3.read(PythonRunner.scala:766)
	at org.apache.spark.api.python.BasePythonRunner$ReaderIterator.hasNext(PythonRunner.scala:525)
	at org.apache.spark.InterruptibleIterator.hasNext(InterruptibleIterator.scala:37)
	at scala.collection.Iterator.foreach(Iterator.scala:943)
	at scala.collection.Iterator.foreach$(Iterator.scala:943)
	at org.apache.spark.InterruptibleIterator.foreach(InterruptibleIterator.scala:28)
	at scala.collection.generic.Growable.$plus$plus$eq(Growable.scala:62)
	at scala.collection.generic.Growable.$plus$plus$eq$(Growable.scala:53)
	at scala.collection.mutable.ArrayBuffer.$plus$plus$eq(ArrayBuffer.scala:105)
	at scala.collection.mutable.ArrayBuffer.$plus$plus$eq(ArrayBuffer.scala:49)
	at scala.collection.TraversableOnce.to(TraversableOnce.scala:366)
	at scala.collection.TraversableOnce.to$(TraversableOnce.scala:364)
	at org.apache.spark.InterruptibleIterator.to(InterruptibleIterator.scala:28)
	at scala.collection.TraversableOnce.toBuffer(TraversableOnce.scala:358)
	at scala.collection.TraversableOnce.toBuffer$(TraversableOnce.scala:358)
	at org.apache.spark.InterruptibleIterator.toBuffer(InterruptibleIterator.scala:28)
	at scala.collection.TraversableOnce.toArray(TraversableOnce.scala:345)
	at scala.collection.TraversableOnce.toArray$(TraversableOnce.scala:339)
	at org.apache.spark.InterruptibleIterator.toArray(InterruptibleIterator.scala:28)
	at org.apache.spark.api.python.PythonRDD$.$anonfun$runJob$1(PythonRDD.scala:181)
	at org.apache.spark.SparkContext.$anonfun$runJob$5(SparkContext.scala:2433)
	at org.apache.spark.scheduler.ResultTask.runTask(ResultTask.scala:93)
	at org.apache.spark.TaskContext.runTaskWithListeners(TaskContext.scala:166)
	at org.apache.spark.scheduler.Task.run(Task.scala:141)
	at org.apache.spark.executor.Executor$TaskRunner.$anonfun$run$4(Executor.scala:620)
	at org.apache.spark.util.SparkErrorUtils.tryWithSafeFinally(SparkErrorUtils.scala:64)
	at org.apache.spark.util.SparkErrorUtils.tryWithSafeFinally$(SparkErrorUtils.scala:61)
	at org.apache.spark.util.Utils$.tryWithSafeFinally(Utils.scala:94)
	at org.apache.spark.executor.Executor$TaskRunner.run(Executor.scala:623)
	at java.base/java.util.concurrent.ThreadPoolExecutor.runWorker(ThreadPoolExecutor.java:1128)
	at java.base/java.util.concurrent.ThreadPoolExecutor$Worker.run(ThreadPoolExecutor.java:628)
	at java.base/java.lang.Thread.run(Thread.java:829)

Driver stacktrace:
	at org.apache.spark.scheduler.DAGScheduler.failJobAndIndependentStages(DAGScheduler.scala:2856)
	at org.apache.spark.scheduler.DAGScheduler.$anonfun$abortStage$2(DAGScheduler.scala:2792)
	at org.apache.spark.scheduler.DAGScheduler.$anonfun$abortStage$2$adapted(DAGScheduler.scala:2791)
	at scala.collection.mutable.ResizableArray.foreach(ResizableArray.scala:62)
	at scala.collection.mutable.ResizableArray.foreach$(ResizableArray.scala:55)
	at scala.collection.mutable.ArrayBuffer.foreach(ArrayBuffer.scala:49)
	at org.apache.spark.scheduler.DAGScheduler.abortStage(DAGScheduler.scala:2791)
	at org.apache.spark.scheduler.DAGScheduler.$anonfun$handleTaskSetFailed$1(DAGScheduler.scala:1247)
	at org.apache.spark.scheduler.DAGScheduler.$anonfun$handleTaskSetFailed$1$adapted(DAGScheduler.scala:1247)
	at scala.Option.foreach(Option.scala:407)
	at org.apache.spark.scheduler.DAGScheduler.handleTaskSetFailed(DAGScheduler.scala:1247)
	at org.apache.spark.scheduler.DAGSchedulerEventProcessLoop.doOnReceive(DAGScheduler.scala:3060)
	at org.apache.spark.scheduler.DAGSchedulerEventProcessLoop.onReceive(DAGScheduler.scala:2994)
	at org.apache.spark.scheduler.DAGSchedulerEventProcessLoop.onReceive(DAGScheduler.scala:2983)
	at org.apache.spark.util.EventLoop$$anon$1.run(EventLoop.scala:49)
	at org.apache.spark.scheduler.DAGScheduler.runJob(DAGScheduler.scala:989)
	at org.apache.spark.SparkContext.runJob(SparkContext.scala:2393)
	at org.apache.spark.SparkContext.runJob(SparkContext.scala:2414)
	at org.apache.spark.SparkContext.runJob(SparkContext.scala:2433)
	at org.apache.spark.api.python.PythonRDD$.runJob(PythonRDD.scala:181)
	at org.apache.spark.api.python.PythonRDD.runJob(PythonRDD.scala)
	at java.base/jdk.internal.reflect.NativeMethodAccessorImpl.invoke0(Native Method)
	at java.base/jdk.internal.reflect.NativeMethodAccessorImpl.invoke(NativeMethodAccessorImpl.java:62)
	at java.base/jdk.internal.reflect.DelegatingMethodAccessorImpl.invoke(DelegatingMethodAccessorImpl.java:43)
	at java.base/java.lang.reflect.Method.invoke(Method.java:566)
	at py4j.reflection.MethodInvoker.invoke(MethodInvoker.java:244)
	at py4j.reflection.ReflectionEngine.invoke(ReflectionEngine.java:374)
	at py4j.Gateway.invoke(Gateway.java:282)
	at py4j.commands.AbstractCommand.invokeMethod(AbstractCommand.java:132)
	at py4j.commands.CallCommand.execute(CallCommand.java:79)
	at py4j.ClientServerConnection.waitForCommands(ClientServerConnection.java:182)
	at py4j.ClientServerConnection.run(ClientServerConnection.java:106)
	at java.base/java.lang.Thread.run(Thread.java:829)
Caused by: org.apache.spark.api.python.PythonException: Traceback (most recent call last):
  File "/home/airflow/.local/lib/python3.12/site-packages/pyspark/python/lib/pyspark.zip/pyspark/worker.py", line 1247, in main
    process()
  File "/home/airflow/.local/lib/python3.12/site-packages/pyspark/python/lib/pyspark.zip/pyspark/worker.py", line 1239, in process
    serializer.dump_stream(out_iter, outfile)
  File "/home/airflow/.local/lib/python3.12/site-packages/pyspark/python/lib/pyspark.zip/pyspark/serializers.py", line 274, in dump_stream
    vs = list(itertools.islice(iterator, batch))
         ^^^^^^^^^^^^^^^^^^^^^^^^^^^^^^^^^^^^^^^
  File "/home/airflow/.local/lib/python3.12/site-packages/pyspark/rdd.py", line 2849, in takeUpToNumLeft
    yield next(iterator)
          ^^^^^^^^^^^^^^
  File "/home/airflow/.local/lib/python3.12/site-packages/pyspark/python/lib/pyspark.zip/pyspark/util.py", line 83, in wrapper
    return f(*args, **kwargs)
           ^^^^^^^^^^^^^^^^^^
  File "/home/airflow/.local/lib/python3.12/site-packages/pyspark/rdd.py", line 4260, in map_values_fn
    return kv[0], f(kv[1])
                  ^^^^^^^^
  File "/opt/airflow/scripts/python/spark/pergame_stats_spark.py", line 54, in <lambda>
    "career_ppg": vals[0] / total_games,  # Total points / total games
                  ~~~~~~~~^~~~~~~~~~~~~
TypeError: unsupported operand type(s) for /: 'float' and 'tuple'

	at org.apache.spark.api.python.BasePythonRunner$ReaderIterator.handlePythonException(PythonRunner.scala:572)
	at org.apache.spark.api.python.PythonRunner$$anon$3.read(PythonRunner.scala:784)
	at org.apache.spark.api.python.PythonRunner$$anon$3.read(PythonRunner.scala:766)
	at org.apache.spark.api.python.BasePythonRunner$ReaderIterator.hasNext(PythonRunner.scala:525)
	at org.apache.spark.InterruptibleIterator.hasNext(InterruptibleIterator.scala:37)
	at scala.collection.Iterator.foreach(Iterator.scala:943)
	at scala.collection.Iterator.foreach$(Iterator.scala:943)
	at org.apache.spark.InterruptibleIterator.foreach(InterruptibleIterator.scala:28)
	at scala.collection.generic.Growable.$plus$plus$eq(Growable.scala:62)
	at scala.collection.generic.Growable.$plus$plus$eq$(Growable.scala:53)
	at scala.collection.mutable.ArrayBuffer.$plus$plus$eq(ArrayBuffer.scala:105)
	at scala.collection.mutable.ArrayBuffer.$plus$plus$eq(ArrayBuffer.scala:49)
	at scala.collection.TraversableOnce.to(TraversableOnce.scala:366)
	at scala.collection.TraversableOnce.to$(TraversableOnce.scala:364)
	at org.apache.spark.InterruptibleIterator.to(InterruptibleIterator.scala:28)
	at scala.collection.TraversableOnce.toBuffer(TraversableOnce.scala:358)
	at scala.collection.TraversableOnce.toBuffer$(TraversableOnce.scala:358)
	at org.apache.spark.InterruptibleIterator.toBuffer(InterruptibleIterator.scala:28)
	at scala.collection.TraversableOnce.toArray(TraversableOnce.scala:345)
	at scala.collection.TraversableOnce.toArray$(TraversableOnce.scala:339)
	at org.apache.spark.InterruptibleIterator.toArray(InterruptibleIterator.scala:28)
	at org.apache.spark.api.python.PythonRDD$.$anonfun$runJob$1(PythonRDD.scala:181)
	at org.apache.spark.SparkContext.$anonfun$runJob$5(SparkContext.scala:2433)
	at org.apache.spark.scheduler.ResultTask.runTask(ResultTask.scala:93)
	at org.apache.spark.TaskContext.runTaskWithListeners(TaskContext.scala:166)
	at org.apache.spark.scheduler.Task.run(Task.scala:141)
	at org.apache.spark.executor.Executor$TaskRunner.$anonfun$run$4(Executor.scala:620)
	at org.apache.spark.util.SparkErrorUtils.tryWithSafeFinally(SparkErrorUtils.scala:64)
	at org.apache.spark.util.SparkErrorUtils.tryWithSafeFinally$(SparkErrorUtils.scala:61)
	at org.apache.spark.util.Utils$.tryWithSafeFinally(Utils.scala:94)
	at org.apache.spark.executor.Executor$TaskRunner.run(Executor.scala:623)
	at java.base/java.util.concurrent.ThreadPoolExecutor.runWorker(ThreadPoolExecutor.java:1128)
	at java.base/java.util.concurrent.ThreadPoolExecutor$Worker.run(ThreadPoolExecutor.java:628)
	... 1 more
; 685)
Traceback (most recent call last):
  File "/home/airflow/.local/lib/python3.12/site-packages/airflow/task/task_runner/standard_task_runner.py", line 117, in _start_by_fork
    ret = args.func(args, dag=self.dag)
          ^^^^^^^^^^^^^^^^^^^^^^^^^^^^^
  File "/home/airflow/.local/lib/python3.12/site-packages/airflow/cli/cli_config.py", line 49, in command
    return func(*args, **kwargs)
           ^^^^^^^^^^^^^^^^^^^^^
  File "/home/airflow/.local/lib/python3.12/site-packages/airflow/utils/cli.py", line 116, in wrapper
    return f(*args, **kwargs)
           ^^^^^^^^^^^^^^^^^^
  File "/home/airflow/.local/lib/python3.12/site-packages/airflow/cli/commands/task_command.py", line 483, in task_run
    task_return_code = _run_task_by_selected_method(args, _dag, ti)
                       ^^^^^^^^^^^^^^^^^^^^^^^^^^^^^^^^^^^^^^^^^^^^
  File "/home/airflow/.local/lib/python3.12/site-packages/airflow/cli/commands/task_command.py", line 256, in _run_task_by_selected_method
    return _run_raw_task(args, ti)
           ^^^^^^^^^^^^^^^^^^^^^^^
  File "/home/airflow/.local/lib/python3.12/site-packages/airflow/cli/commands/task_command.py", line 341, in _run_raw_task
    return ti._run_raw_task(
           ^^^^^^^^^^^^^^^^^
  File "/home/airflow/.local/lib/python3.12/site-packages/airflow/utils/session.py", line 97, in wrapper
    return func(*args, session=session, **kwargs)
           ^^^^^^^^^^^^^^^^^^^^^^^^^^^^^^^^^^^^^^
  File "/home/airflow/.local/lib/python3.12/site-packages/airflow/models/taskinstance.py", line 3006, in _run_raw_task
    return _run_raw_task(
           ^^^^^^^^^^^^^^
  File "/home/airflow/.local/lib/python3.12/site-packages/airflow/models/taskinstance.py", line 274, in _run_raw_task
    TaskInstance._execute_task_with_callbacks(
  File "/home/airflow/.local/lib/python3.12/site-packages/airflow/models/taskinstance.py", line 3161, in _execute_task_with_callbacks
    result = self._execute_task(context, task_orig)
             ^^^^^^^^^^^^^^^^^^^^^^^^^^^^^^^^^^^^^^
  File "/home/airflow/.local/lib/python3.12/site-packages/airflow/models/taskinstance.py", line 3185, in _execute_task
    return _execute_task(self, context, task_orig)
           ^^^^^^^^^^^^^^^^^^^^^^^^^^^^^^^^^^^^^^^
  File "/home/airflow/.local/lib/python3.12/site-packages/airflow/models/taskinstance.py", line 768, in _execute_task
    result = _execute_callable(context=context, **execute_callable_kwargs)
             ^^^^^^^^^^^^^^^^^^^^^^^^^^^^^^^^^^^^^^^^^^^^^^^^^^^^^^^^^^^^^
  File "/home/airflow/.local/lib/python3.12/site-packages/airflow/models/taskinstance.py", line 734, in _execute_callable
    return ExecutionCallableRunner(
           ^^^^^^^^^^^^^^^^^^^^^^^^
  File "/home/airflow/.local/lib/python3.12/site-packages/airflow/utils/operator_helpers.py", line 252, in run
    return self.func(*args, **kwargs)
           ^^^^^^^^^^^^^^^^^^^^^^^^^^
  File "/home/airflow/.local/lib/python3.12/site-packages/airflow/models/baseoperator.py", line 424, in wrapper
    return func(self, *args, **kwargs)
           ^^^^^^^^^^^^^^^^^^^^^^^^^^^
  File "/home/airflow/.local/lib/python3.12/site-packages/airflow/operators/python.py", line 238, in execute
    return_value = self.execute_callable()
                   ^^^^^^^^^^^^^^^^^^^^^^^
  File "/home/airflow/.local/lib/python3.12/site-packages/airflow/operators/python.py", line 256, in execute_callable
    return runner.run(*self.op_args, **self.op_kwargs)
           ^^^^^^^^^^^^^^^^^^^^^^^^^^^^^^^^^^^^^^^^^^^
  File "/home/airflow/.local/lib/python3.12/site-packages/airflow/utils/operator_helpers.py", line 252, in run
    return self.func(*args, **kwargs)
           ^^^^^^^^^^^^^^^^^^^^^^^^^^
  File "/opt/airflow/scripts/python/spark/pergame_stats_spark.py", line 63, in pergame_stats
    .toDF(["season", "ppg", "rpg", "apg", "spg", "bpg", "3pt_pct"])
     ^^^^^^^^^^^^^^^^^^^^^^^^^^^^^^^^^^^^^^^^^^^^^^^^^^^^^^^^^^^^^^
  File "/home/airflow/.local/lib/python3.12/site-packages/pyspark/sql/session.py", line 122, in toDF
    return sparkSession.createDataFrame(self, schema, sampleRatio)
           ^^^^^^^^^^^^^^^^^^^^^^^^^^^^^^^^^^^^^^^^^^^^^^^^^^^^^^^
  File "/home/airflow/.local/lib/python3.12/site-packages/pyspark/sql/session.py", line 1443, in createDataFrame
    return self._create_dataframe(
           ^^^^^^^^^^^^^^^^^^^^^^^
  File "/home/airflow/.local/lib/python3.12/site-packages/pyspark/sql/session.py", line 1483, in _create_dataframe
    rdd, struct = self._createFromRDD(data.map(prepare), schema, samplingRatio)
                  ^^^^^^^^^^^^^^^^^^^^^^^^^^^^^^^^^^^^^^^^^^^^^^^^^^^^^^^^^^^^^
  File "/home/airflow/.local/lib/python3.12/site-packages/pyspark/sql/session.py", line 1056, in _createFromRDD
    struct = self._inferSchema(rdd, samplingRatio, names=schema)
             ^^^^^^^^^^^^^^^^^^^^^^^^^^^^^^^^^^^^^^^^^^^^^^^^^^^
  File "/home/airflow/.local/lib/python3.12/site-packages/pyspark/sql/session.py", line 996, in _inferSchema
    first = rdd.first()
            ^^^^^^^^^^^
  File "/home/airflow/.local/lib/python3.12/site-packages/pyspark/rdd.py", line 2888, in first
    rs = self.take(1)
         ^^^^^^^^^^^^
  File "/home/airflow/.local/lib/python3.12/site-packages/pyspark/rdd.py", line 2855, in take
    res = self.context.runJob(self, takeUpToNumLeft, p)
          ^^^^^^^^^^^^^^^^^^^^^^^^^^^^^^^^^^^^^^^^^^^^^
  File "/home/airflow/.local/lib/python3.12/site-packages/pyspark/context.py", line 2510, in runJob
    sock_info = self._jvm.PythonRDD.runJob(self._jsc.sc(), mappedRDD._jrdd, partitions)
                ^^^^^^^^^^^^^^^^^^^^^^^^^^^^^^^^^^^^^^^^^^^^^^^^^^^^^^^^^^^^^^^^^^^^^^^
  File "/home/airflow/.local/lib/python3.12/site-packages/py4j/java_gateway.py", line 1322, in __call__
    return_value = get_return_value(
                   ^^^^^^^^^^^^^^^^^
  File "/home/airflow/.local/lib/python3.12/site-packages/pyspark/errors/exceptions/captured.py", line 179, in deco
    return f(*a, **kw)
           ^^^^^^^^^^^
  File "/home/airflow/.local/lib/python3.12/site-packages/py4j/protocol.py", line 326, in get_return_value
    raise Py4JJavaError(
py4j.protocol.Py4JJavaError: An error occurred while calling z:org.apache.spark.api.python.PythonRDD.runJob.
: org.apache.spark.SparkException: Job aborted due to stage failure: Task 0 in stage 7.0 failed 1 times, most recent failure: Lost task 0.0 in stage 7.0 (TID 34) (380e61014dc5 executor driver): org.apache.spark.api.python.PythonException: Traceback (most recent call last):
  File "/home/airflow/.local/lib/python3.12/site-packages/pyspark/python/lib/pyspark.zip/pyspark/worker.py", line 1247, in main
    process()
  File "/home/airflow/.local/lib/python3.12/site-packages/pyspark/python/lib/pyspark.zip/pyspark/worker.py", line 1239, in process
    serializer.dump_stream(out_iter, outfile)
  File "/home/airflow/.local/lib/python3.12/site-packages/pyspark/python/lib/pyspark.zip/pyspark/serializers.py", line 274, in dump_stream
    vs = list(itertools.islice(iterator, batch))
         ^^^^^^^^^^^^^^^^^^^^^^^^^^^^^^^^^^^^^^^
  File "/home/airflow/.local/lib/python3.12/site-packages/pyspark/rdd.py", line 2849, in takeUpToNumLeft
    yield next(iterator)
          ^^^^^^^^^^^^^^
  File "/home/airflow/.local/lib/python3.12/site-packages/pyspark/python/lib/pyspark.zip/pyspark/util.py", line 83, in wrapper
    return f(*args, **kwargs)
           ^^^^^^^^^^^^^^^^^^
  File "/home/airflow/.local/lib/python3.12/site-packages/pyspark/rdd.py", line 4260, in map_values_fn
    return kv[0], f(kv[1])
                  ^^^^^^^^
  File "/opt/airflow/scripts/python/spark/pergame_stats_spark.py", line 54, in <lambda>
    "career_ppg": vals[0] / total_games,  # Total points / total games
                  ~~~~~~~~^~~~~~~~~~~~~
TypeError: unsupported operand type(s) for /: 'float' and 'tuple'

	at org.apache.spark.api.python.BasePythonRunner$ReaderIterator.handlePythonException(PythonRunner.scala:572)
	at org.apache.spark.api.python.PythonRunner$$anon$3.read(PythonRunner.scala:784)
	at org.apache.spark.api.python.PythonRunner$$anon$3.read(PythonRunner.scala:766)
	at org.apache.spark.api.python.BasePythonRunner$ReaderIterator.hasNext(PythonRunner.scala:525)
	at org.apache.spark.InterruptibleIterator.hasNext(InterruptibleIterator.scala:37)
	at scala.collection.Iterator.foreach(Iterator.scala:943)
	at scala.collection.Iterator.foreach$(Iterator.scala:943)
	at org.apache.spark.InterruptibleIterator.foreach(InterruptibleIterator.scala:28)
	at scala.collection.generic.Growable.$plus$plus$eq(Growable.scala:62)
	at scala.collection.generic.Growable.$plus$plus$eq$(Growable.scala:53)
	at scala.collection.mutable.ArrayBuffer.$plus$plus$eq(ArrayBuffer.scala:105)
	at scala.collection.mutable.ArrayBuffer.$plus$plus$eq(ArrayBuffer.scala:49)
	at scala.collection.TraversableOnce.to(TraversableOnce.scala:366)
	at scala.collection.TraversableOnce.to$(TraversableOnce.scala:364)
	at org.apache.spark.InterruptibleIterator.to(InterruptibleIterator.scala:28)
	at scala.collection.TraversableOnce.toBuffer(TraversableOnce.scala:358)
	at scala.collection.TraversableOnce.toBuffer$(TraversableOnce.scala:358)
	at org.apache.spark.InterruptibleIterator.toBuffer(InterruptibleIterator.scala:28)
	at scala.collection.TraversableOnce.toArray(TraversableOnce.scala:345)
	at scala.collection.TraversableOnce.toArray$(TraversableOnce.scala:339)
	at org.apache.spark.InterruptibleIterator.toArray(InterruptibleIterator.scala:28)
	at org.apache.spark.api.python.PythonRDD$.$anonfun$runJob$1(PythonRDD.scala:181)
	at org.apache.spark.SparkContext.$anonfun$runJob$5(SparkContext.scala:2433)
	at org.apache.spark.scheduler.ResultTask.runTask(ResultTask.scala:93)
	at org.apache.spark.TaskContext.runTaskWithListeners(TaskContext.scala:166)
	at org.apache.spark.scheduler.Task.run(Task.scala:141)
	at org.apache.spark.executor.Executor$TaskRunner.$anonfun$run$4(Executor.scala:620)
	at org.apache.spark.util.SparkErrorUtils.tryWithSafeFinally(SparkErrorUtils.scala:64)
	at org.apache.spark.util.SparkErrorUtils.tryWithSafeFinally$(SparkErrorUtils.scala:61)
	at org.apache.spark.util.Utils$.tryWithSafeFinally(Utils.scala:94)
	at org.apache.spark.executor.Executor$TaskRunner.run(Executor.scala:623)
	at java.base/java.util.concurrent.ThreadPoolExecutor.runWorker(ThreadPoolExecutor.java:1128)
	at java.base/java.util.concurrent.ThreadPoolExecutor$Worker.run(ThreadPoolExecutor.java:628)
	at java.base/java.lang.Thread.run(Thread.java:829)

Driver stacktrace:
	at org.apache.spark.scheduler.DAGScheduler.failJobAndIndependentStages(DAGScheduler.scala:2856)
	at org.apache.spark.scheduler.DAGScheduler.$anonfun$abortStage$2(DAGScheduler.scala:2792)
	at org.apache.spark.scheduler.DAGScheduler.$anonfun$abortStage$2$adapted(DAGScheduler.scala:2791)
	at scala.collection.mutable.ResizableArray.foreach(ResizableArray.scala:62)
	at scala.collection.mutable.ResizableArray.foreach$(ResizableArray.scala:55)
	at scala.collection.mutable.ArrayBuffer.foreach(ArrayBuffer.scala:49)
	at org.apache.spark.scheduler.DAGScheduler.abortStage(DAGScheduler.scala:2791)
	at org.apache.spark.scheduler.DAGScheduler.$anonfun$handleTaskSetFailed$1(DAGScheduler.scala:1247)
	at org.apache.spark.scheduler.DAGScheduler.$anonfun$handleTaskSetFailed$1$adapted(DAGScheduler.scala:1247)
	at scala.Option.foreach(Option.scala:407)
	at org.apache.spark.scheduler.DAGScheduler.handleTaskSetFailed(DAGScheduler.scala:1247)
	at org.apache.spark.scheduler.DAGSchedulerEventProcessLoop.doOnReceive(DAGScheduler.scala:3060)
	at org.apache.spark.scheduler.DAGSchedulerEventProcessLoop.onReceive(DAGScheduler.scala:2994)
	at org.apache.spark.scheduler.DAGSchedulerEventProcessLoop.onReceive(DAGScheduler.scala:2983)
	at org.apache.spark.util.EventLoop$$anon$1.run(EventLoop.scala:49)
	at org.apache.spark.scheduler.DAGScheduler.runJob(DAGScheduler.scala:989)
	at org.apache.spark.SparkContext.runJob(SparkContext.scala:2393)
	at org.apache.spark.SparkContext.runJob(SparkContext.scala:2414)
	at org.apache.spark.SparkContext.runJob(SparkContext.scala:2433)
	at org.apache.spark.api.python.PythonRDD$.runJob(PythonRDD.scala:181)
	at org.apache.spark.api.python.PythonRDD.runJob(PythonRDD.scala)
	at java.base/jdk.internal.reflect.NativeMethodAccessorImpl.invoke0(Native Method)
	at java.base/jdk.internal.reflect.NativeMethodAccessorImpl.invoke(NativeMethodAccessorImpl.java:62)
	at java.base/jdk.internal.reflect.DelegatingMethodAccessorImpl.invoke(DelegatingMethodAccessorImpl.java:43)
	at java.base/java.lang.reflect.Method.invoke(Method.java:566)
	at py4j.reflection.MethodInvoker.invoke(MethodInvoker.java:244)
	at py4j.reflection.ReflectionEngine.invoke(ReflectionEngine.java:374)
	at py4j.Gateway.invoke(Gateway.java:282)
	at py4j.commands.AbstractCommand.invokeMethod(AbstractCommand.java:132)
	at py4j.commands.CallCommand.execute(CallCommand.java:79)
	at py4j.ClientServerConnection.waitForCommands(ClientServerConnection.java:182)
	at py4j.ClientServerConnection.run(ClientServerConnection.java:106)
	at java.base/java.lang.Thread.run(Thread.java:829)
Caused by: org.apache.spark.api.python.PythonException: Traceback (most recent call last):
  File "/home/airflow/.local/lib/python3.12/site-packages/pyspark/python/lib/pyspark.zip/pyspark/worker.py", line 1247, in main
    process()
  File "/home/airflow/.local/lib/python3.12/site-packages/pyspark/python/lib/pyspark.zip/pyspark/worker.py", line 1239, in process
    serializer.dump_stream(out_iter, outfile)
  File "/home/airflow/.local/lib/python3.12/site-packages/pyspark/python/lib/pyspark.zip/pyspark/serializers.py", line 274, in dump_stream
    vs = list(itertools.islice(iterator, batch))
         ^^^^^^^^^^^^^^^^^^^^^^^^^^^^^^^^^^^^^^^
  File "/home/airflow/.local/lib/python3.12/site-packages/pyspark/rdd.py", line 2849, in takeUpToNumLeft
    yield next(iterator)
          ^^^^^^^^^^^^^^
  File "/home/airflow/.local/lib/python3.12/site-packages/pyspark/python/lib/pyspark.zip/pyspark/util.py", line 83, in wrapper
    return f(*args, **kwargs)
           ^^^^^^^^^^^^^^^^^^
  File "/home/airflow/.local/lib/python3.12/site-packages/pyspark/rdd.py", line 4260, in map_values_fn
    return kv[0], f(kv[1])
                  ^^^^^^^^
  File "/opt/airflow/scripts/python/spark/pergame_stats_spark.py", line 54, in <lambda>
    "career_ppg": vals[0] / total_games,  # Total points / total games
                  ~~~~~~~~^~~~~~~~~~~~~
TypeError: unsupported operand type(s) for /: 'float' and 'tuple'

	at org.apache.spark.api.python.BasePythonRunner$ReaderIterator.handlePythonException(PythonRunner.scala:572)
	at org.apache.spark.api.python.PythonRunner$$anon$3.read(PythonRunner.scala:784)
	at org.apache.spark.api.python.PythonRunner$$anon$3.read(PythonRunner.scala:766)
	at org.apache.spark.api.python.BasePythonRunner$ReaderIterator.hasNext(PythonRunner.scala:525)
	at org.apache.spark.InterruptibleIterator.hasNext(InterruptibleIterator.scala:37)
	at scala.collection.Iterator.foreach(Iterator.scala:943)
	at scala.collection.Iterator.foreach$(Iterator.scala:943)
	at org.apache.spark.InterruptibleIterator.foreach(InterruptibleIterator.scala:28)
	at scala.collection.generic.Growable.$plus$plus$eq(Growable.scala:62)
	at scala.collection.generic.Growable.$plus$plus$eq$(Growable.scala:53)
	at scala.collection.mutable.ArrayBuffer.$plus$plus$eq(ArrayBuffer.scala:105)
	at scala.collection.mutable.ArrayBuffer.$plus$plus$eq(ArrayBuffer.scala:49)
	at scala.collection.TraversableOnce.to(TraversableOnce.scala:366)
	at scala.collection.TraversableOnce.to$(TraversableOnce.scala:364)
	at org.apache.spark.InterruptibleIterator.to(InterruptibleIterator.scala:28)
	at scala.collection.TraversableOnce.toBuffer(TraversableOnce.scala:358)
	at scala.collection.TraversableOnce.toBuffer$(TraversableOnce.scala:358)
	at org.apache.spark.InterruptibleIterator.toBuffer(InterruptibleIterator.scala:28)
	at scala.collection.TraversableOnce.toArray(TraversableOnce.scala:345)
	at scala.collection.TraversableOnce.toArray$(TraversableOnce.scala:339)
	at org.apache.spark.InterruptibleIterator.toArray(InterruptibleIterator.scala:28)
	at org.apache.spark.api.python.PythonRDD$.$anonfun$runJob$1(PythonRDD.scala:181)
	at org.apache.spark.SparkContext.$anonfun$runJob$5(SparkContext.scala:2433)
	at org.apache.spark.scheduler.ResultTask.runTask(ResultTask.scala:93)
	at org.apache.spark.TaskContext.runTaskWithListeners(TaskContext.scala:166)
	at org.apache.spark.scheduler.Task.run(Task.scala:141)
	at org.apache.spark.executor.Executor$TaskRunner.$anonfun$run$4(Executor.scala:620)
	at org.apache.spark.util.SparkErrorUtils.tryWithSafeFinally(SparkErrorUtils.scala:64)
	at org.apache.spark.util.SparkErrorUtils.tryWithSafeFinally$(SparkErrorUtils.scala:61)
	at org.apache.spark.util.Utils$.tryWithSafeFinally(Utils.scala:94)
	at org.apache.spark.executor.Executor$TaskRunner.run(Executor.scala:623)
	at java.base/java.util.concurrent.ThreadPoolExecutor.runWorker(ThreadPoolExecutor.java:1128)
	at java.base/java.util.concurrent.ThreadPoolExecutor$Worker.run(ThreadPoolExecutor.java:628)
	... 1 more

[2025-05-02T21:34:46.589+0000] {local_task_job_runner.py:266} INFO - Task exited with return code 1
[2025-05-02T21:34:46.602+0000] {taskinstance.py:3901} INFO - 0 downstream tasks scheduled from follow-on schedule check
[2025-05-02T21:34:46.604+0000] {local_task_job_runner.py:245} INFO - ::endgroup::
