[2025-05-01T21:35:00.860+0000] {local_task_job_runner.py:123} INFO - ::group::Pre task execution logs
[2025-05-01T21:35:00.868+0000] {taskinstance.py:2614} INFO - Dependencies all met for dep_context=non-requeueable deps ti=<TaskInstance: gamelog_dag.run_data_fetcher manual__2025-05-01T21:35:00.341160+00:00 [queued]>
[2025-05-01T21:35:00.872+0000] {taskinstance.py:2614} INFO - Dependencies all met for dep_context=requeueable deps ti=<TaskInstance: gamelog_dag.run_data_fetcher manual__2025-05-01T21:35:00.341160+00:00 [queued]>
[2025-05-01T21:35:00.872+0000] {taskinstance.py:2867} INFO - Starting attempt 1 of 2
[2025-05-01T21:35:00.881+0000] {taskinstance.py:2890} INFO - Executing <Task(PythonOperator): run_data_fetcher> on 2025-05-01 21:35:00.341160+00:00
[2025-05-01T21:35:00.885+0000] {warnings.py:112} WARNING - /home/airflow/.local/lib/python3.12/site-packages/airflow/task/task_runner/standard_task_runner.py:70: DeprecationWarning: This process (pid=651) is multi-threaded, use of fork() may lead to deadlocks in the child.
  pid = os.fork()

[2025-05-01T21:35:00.885+0000] {standard_task_runner.py:72} INFO - Started process 652 to run task
[2025-05-01T21:35:00.886+0000] {standard_task_runner.py:104} INFO - Running: ['airflow', 'tasks', 'run', 'gamelog_dag', 'run_data_fetcher', 'manual__2025-05-01T21:35:00.341160+00:00', '--job-id', '41', '--raw', '--subdir', 'DAGS_FOLDER/player_data_fetcher_dag.py', '--cfg-path', '/tmp/tmp5taz_dll']
[2025-05-01T21:35:00.887+0000] {standard_task_runner.py:105} INFO - Job 41: Subtask run_data_fetcher
[2025-05-01T21:35:00.913+0000] {task_command.py:467} INFO - Running <TaskInstance: gamelog_dag.run_data_fetcher manual__2025-05-01T21:35:00.341160+00:00 [running]> on host a7e4ea3334d8
[2025-05-01T21:35:00.955+0000] {taskinstance.py:3134} INFO - Exporting env vars: AIRFLOW_CTX_DAG_OWNER='ian' AIRFLOW_CTX_DAG_ID='gamelog_dag' AIRFLOW_CTX_TASK_ID='run_data_fetcher' AIRFLOW_CTX_EXECUTION_DATE='2025-05-01T21:35:00.341160+00:00' AIRFLOW_CTX_TRY_NUMBER='1' AIRFLOW_CTX_DAG_RUN_ID='manual__2025-05-01T21:35:00.341160+00:00'
[2025-05-01T21:35:00.955+0000] {taskinstance.py:732} INFO - ::endgroup::
[2025-05-01T21:35:00.964+0000] {fetch_season_logs.py:17} INFO - Fetching season 2003-04, attempt 1
[2025-05-01T21:35:01.206+0000] {fetch_season_logs.py:41} INFO - Saved: /opt/airflow/nba_data/2003-04_Season.csv
[2025-05-01T21:35:02.709+0000] {fetch_season_logs.py:17} INFO - Fetching season 2004-05, attempt 1
[2025-05-01T21:35:02.767+0000] {fetch_season_logs.py:41} INFO - Saved: /opt/airflow/nba_data/2004-05_Season.csv
[2025-05-01T21:35:04.267+0000] {fetch_season_logs.py:17} INFO - Fetching season 2005-06, attempt 1
[2025-05-01T21:35:04.317+0000] {fetch_season_logs.py:41} INFO - Saved: /opt/airflow/nba_data/2005-06_Season.csv
[2025-05-01T21:35:05.822+0000] {fetch_season_logs.py:17} INFO - Fetching season 2006-07, attempt 1
[2025-05-01T21:35:05.872+0000] {fetch_season_logs.py:41} INFO - Saved: /opt/airflow/nba_data/2006-07_Season.csv
[2025-05-01T21:35:07.373+0000] {fetch_season_logs.py:17} INFO - Fetching season 2007-08, attempt 1
[2025-05-01T21:35:07.421+0000] {fetch_season_logs.py:41} INFO - Saved: /opt/airflow/nba_data/2007-08_Season.csv
[2025-05-01T21:35:08.924+0000] {fetch_season_logs.py:17} INFO - Fetching season 2008-09, attempt 1
[2025-05-01T21:35:08.978+0000] {fetch_season_logs.py:41} INFO - Saved: /opt/airflow/nba_data/2008-09_Season.csv
[2025-05-01T21:35:10.480+0000] {fetch_season_logs.py:17} INFO - Fetching season 2009-10, attempt 1
[2025-05-01T21:35:10.521+0000] {fetch_season_logs.py:41} INFO - Saved: /opt/airflow/nba_data/2009-10_Season.csv
[2025-05-01T21:35:12.024+0000] {fetch_season_logs.py:17} INFO - Fetching season 2010-11, attempt 1
[2025-05-01T21:35:12.120+0000] {fetch_season_logs.py:41} INFO - Saved: /opt/airflow/nba_data/2010-11_Season.csv
[2025-05-01T21:35:13.620+0000] {fetch_season_logs.py:17} INFO - Fetching season 2011-12, attempt 1
[2025-05-01T21:35:13.661+0000] {fetch_season_logs.py:41} INFO - Saved: /opt/airflow/nba_data/2011-12_Season.csv
[2025-05-01T21:35:15.162+0000] {fetch_season_logs.py:17} INFO - Fetching season 2012-13, attempt 1
[2025-05-01T21:35:15.272+0000] {fetch_season_logs.py:41} INFO - Saved: /opt/airflow/nba_data/2012-13_Season.csv
[2025-05-01T21:35:16.774+0000] {fetch_season_logs.py:17} INFO - Fetching season 2013-14, attempt 1
[2025-05-01T21:35:16.818+0000] {fetch_season_logs.py:41} INFO - Saved: /opt/airflow/nba_data/2013-14_Season.csv
[2025-05-01T21:35:18.320+0000] {fetch_season_logs.py:17} INFO - Fetching season 2014-15, attempt 1
[2025-05-01T21:35:18.367+0000] {fetch_season_logs.py:41} INFO - Saved: /opt/airflow/nba_data/2014-15_Season.csv
[2025-05-01T21:35:19.868+0000] {fetch_season_logs.py:17} INFO - Fetching season 2015-16, attempt 1
[2025-05-01T21:35:19.908+0000] {fetch_season_logs.py:41} INFO - Saved: /opt/airflow/nba_data/2015-16_Season.csv
[2025-05-01T21:35:21.411+0000] {fetch_season_logs.py:17} INFO - Fetching season 2016-17, attempt 1
[2025-05-01T21:35:21.457+0000] {fetch_season_logs.py:41} INFO - Saved: /opt/airflow/nba_data/2016-17_Season.csv
[2025-05-01T21:35:22.961+0000] {fetch_season_logs.py:17} INFO - Fetching season 2017-18, attempt 1
[2025-05-01T21:35:23.010+0000] {fetch_season_logs.py:41} INFO - Saved: /opt/airflow/nba_data/2017-18_Season.csv
[2025-05-01T21:35:24.511+0000] {fetch_season_logs.py:17} INFO - Fetching season 2018-19, attempt 1
[2025-05-01T21:35:24.563+0000] {fetch_season_logs.py:41} INFO - Saved: /opt/airflow/nba_data/2018-19_Season.csv
[2025-05-01T21:35:26.064+0000] {fetch_season_logs.py:17} INFO - Fetching season 2019-20, attempt 1
[2025-05-01T21:35:26.108+0000] {fetch_season_logs.py:41} INFO - Saved: /opt/airflow/nba_data/2019-20_Season.csv
[2025-05-01T21:35:27.613+0000] {fetch_season_logs.py:17} INFO - Fetching season 2020-21, attempt 1
[2025-05-01T21:35:27.667+0000] {fetch_season_logs.py:41} INFO - Saved: /opt/airflow/nba_data/2020-21_Season.csv
[2025-05-01T21:35:29.170+0000] {fetch_season_logs.py:17} INFO - Fetching season 2021-22, attempt 1
[2025-05-01T21:35:29.216+0000] {fetch_season_logs.py:41} INFO - Saved: /opt/airflow/nba_data/2021-22_Season.csv
[2025-05-01T21:35:30.717+0000] {fetch_season_logs.py:17} INFO - Fetching season 2022-23, attempt 1
[2025-05-01T21:35:30.764+0000] {fetch_season_logs.py:41} INFO - Saved: /opt/airflow/nba_data/2022-23_Season.csv
[2025-05-01T21:35:32.265+0000] {fetch_season_logs.py:17} INFO - Fetching season 2023-24, attempt 1
[2025-05-01T21:35:32.353+0000] {fetch_season_logs.py:41} INFO - Saved: /opt/airflow/nba_data/2023-24_Season.csv
[2025-05-01T21:35:33.854+0000] {fetch_season_logs.py:17} INFO - Fetching season 2024-25, attempt 1
[2025-05-01T21:35:33.951+0000] {fetch_season_logs.py:41} INFO - Saved: /opt/airflow/nba_data/2024-25_Season.csv
[2025-05-01T21:35:35.452+0000] {python.py:240} INFO - Done. Returned value was: None
[2025-05-01T21:35:35.464+0000] {taskinstance.py:341} INFO - ::group::Post task execution logs
[2025-05-01T21:35:35.465+0000] {taskinstance.py:353} INFO - Marking task as SUCCESS. dag_id=gamelog_dag, task_id=run_data_fetcher, run_id=manual__2025-05-01T21:35:00.341160+00:00, execution_date=20250501T213500, start_date=20250501T213500, end_date=20250501T213535
[2025-05-01T21:35:35.504+0000] {local_task_job_runner.py:266} INFO - Task exited with return code 0
[2025-05-01T21:35:35.511+0000] {taskinstance.py:3901} INFO - 0 downstream tasks scheduled from follow-on schedule check
[2025-05-01T21:35:35.511+0000] {local_task_job_runner.py:245} INFO - ::endgroup::
